 Beta activation of the GRPC server.

 Ansys Mechanical Enterprise Academic Research     


 *------------------------------------------------------------------*
 |                                                                  |
 |   W E L C O M E   T O   T H E   A N S Y S (R)  P R O G R A M     |
 |                                                                  |
 *------------------------------------------------------------------*




 ***************************************************************
 *         ANSYS MAPDL 2025 R1          LEGAL NOTICES          *
 ***************************************************************
 *                                                             *
 * Copyright 1971-2025 Ansys, Inc.  All rights reserved.       *
 * Unauthorized use, distribution or duplication is            *
 * prohibited.                                                 *
 *                                                             *
 * Ansys is a registered trademark of Ansys, Inc. or its       *
 * subsidiaries in the United States or other countries.       *
 * See the Ansys, Inc. online documentation or the Ansys, Inc. *
 * documentation CD or online help for the complete Legal      *
 * Notice.                                                     *
 *                                                             *
 ***************************************************************
 *                                                             *
 * THIS ANSYS SOFTWARE PRODUCT AND PROGRAM DOCUMENTATION       *
 * INCLUDE TRADE SECRETS AND CONFIDENTIAL AND PROPRIETARY      *
 * PRODUCTS OF ANSYS, INC., ITS SUBSIDIARIES, OR LICENSORS.    *
 * The software products and documentation are furnished by    *
 * Ansys, Inc. or its subsidiaries under a software license    *
 * agreement that contains provisions concerning               *
 * non-disclosure, copying, length and nature of use,          *
 * compliance with exporting laws, warranties, disclaimers,    *
 * limitations of liability, and remedies, and other           *
 * provisions.  The software products and documentation may be *
 * used, disclosed, transferred, or copied only in accordance  *
 * with the terms and conditions of that software license      *
 * agreement.                                                  *
 *                                                             *
 * Ansys, Inc. is a UL registered                              *
 * ISO 9001:2015 company.                                      *
 *                                                             *
 ***************************************************************
 *                                                             *
 * This product is subject to U.S. laws governing export and   *
 * re-export.                                                  *
 *                                                             *
 * For U.S. Government users, except as specifically granted   *
 * by the Ansys, Inc. software license agreement, the use,     *
 * duplication, or disclosure by the United States Government  *
 * is subject to restrictions stated in the Ansys, Inc.        *
 * software license agreement and FAR 12.212 (for non-DOD      *
 * licenses).                                                  *
 *                                                             *
 ***************************************************************

 2025 R1 
     
 Point Releases and Patches installed:   
     
 Ansys, Inc. License Manager 2025 R1 
 Discovery (reduced install) 2025 R1 
 Core WB Files 2025 R1   
 Remote Solve Manager Standalone Services 2025 R1
 Additive 2025 R1
 Autodyn 2025 R1 
 Customization Files for User Programmable Features 2025 R1  
 LS-DYNA 2025 R1 
 Material Designer 2025 R1   
 Mechanical Products 2025 R1 
 ACIS Geometry Interface 2025 R1 
 AutoCAD Geometry Interface 2025 R1  
 Catia, Version 4 Geometry Interface 2025 R1 
 Catia, Version 5 Geometry Interface 2025 R1 
 Catia, Version 6 Geometry Interface 2025 R1 
 Creo Elements/Direct Modeling Geometry Interface 2025 R1
 Creo Parametric Geometry Interface 2025 R1  
 Inventor Geometry Interface 2025 R1 
 JTOpen Geometry Interface 2025 R1   
 NX Geometry Interface 2025 R1   
 Parasolid Geometry Interface  2025 R1   
 Solid Edge Geometry Interface 2025 R1   
 SOLIDWORKS Geometry Interface 2025 R1   


          *****  MAPDL COMMAND LINE ARGUMENTS  *****
  INITIAL JOBNAME              = file                                                                                                                                                                                                                                                    
  BATCH MODE REQUESTED (-b)    = LIST
  INPUT FILE COPY MODE (-c)    = COPY
  SHARED MEMORY PARALLEL REQUESTED
    SINGLE PROCESS WITH   6 THREADS REQUESTED
    TOTAL OF     6 CORES REQUESTED
  INPUT FILE NAME              = C:\DMS4_Git\DMS4\05_OPTI\Ansout\.__tmp__.inp
  OUTPUT FILE NAME             = C:\DMS4_Git\DMS4\05_OPTI\Ansout\.__tmp__.out

 PARAMETER STATUS-           (   1 PARAMETERS DEFINED)

 NAME                              VALUE                        TYPE
 PORT                              50052.0000                    SCALAR

 RELEASE= 2025 R1              BUILD= 25.1      UP20241202   VERSION=WINDOWS x64 
<<<<<<< HEAD
 CURRENT JOBNAME=file  19:16:55  APR 11, 2026 CP=      0.172
=======
 CURRENT JOBNAME=file  19:44:05  APR 11, 2026 CP=      0.047
>>>>>>> 60856123f57a297cfbf3227f533de4c7b98b03eb

     1  FINISH 

 RUN SETUP PROCEDURE FROM FILE= C:\Program Files\ANSYS Inc\v251\ANSYS\apdl\start.ans
 Start GRPC Server

 ##############################
 ### START GRPC SERVER      ###
 ##############################

 Server Executable   : MapdlGrpc.Server
 Server listening on : 0.0.0.0:50052

 /OUTPUT FILE= anstmp

 /OUTPUT FILE= anstmp

 *** MAPDL - ENGINEERING ANALYSIS SYSTEM  RELEASE 2025 R1          25.1     ***
 Ansys Mechanical Enterprise Academic Research     
 00254321  VERSION=WINDOWS x64   19:17:00  APR 11, 2026 CP=      0.359

                                                                               




          ***** TIME-HISTORY POSTPROCESSOR (POST26) *****

 ALL POST26 SPECIFICATIONS ARE RESET TO INITIAL DEFAULTS

 *** NOTE ***                            CP =       0.359   TIME= 19:17:00
 Geometry is not available.  Issue RESUME to restore database.           

 /OUTPUT FILE= anstmp

 *** WARNING ***                         CP =       0.359   TIME= 19:17:00
 The geometry is not available.  Issue the RESUME command to restore the 
 database.  The NUMVAR command is ignored.                               

 /OUTPUT FILE= anstmp


 ***** ROUTINE COMPLETED *****  CP =         0.359



 /OUTPUT FILE= anstmp

 /OUTPUT FILE= anstmp

 /OUTPUT FILE= anstmp

 /OUTPUT FILE= anstmp

 *** WARNING ***                         CP =       0.375   TIME= 19:17:00
 Altering the abort level key is not recommended.                        


 NUMBER OF DISPLAYED ERRORS ALLOWED PER COMMAND=                200
 NUMBER OF ERRORS ALLOWED PER COMMAND BEFORE ANSYS ABORT=     10000
 ABORT LEVEL KEY= -1
 ALL ERRORS WRITTEN TO C:\DMS4_Git\DMS4\05_OPTI\Ansout\file.err                                                                                                                                                                                                                            
 DO NOT TERMINATE /INPUT UPON FIRST ERROR

 /OUTPUT FILE= anstmp

 /OUTPUT FILE= anstmp

 /OUTPUT FILE= anstmp

 /OUTPUT FILE= anstmp

 /OUTPUT FILE= anstmp

 /OUTPUT FILE= anstmp

 /OUTPUT FILE= anstmp

 CLEAR MAPDL DATABASE AND RESTART

 Ansys Mechanical Enterprise Academic Research     

 /OUTPUT FILE= anstmp

 /OUTPUT FILE= anstmp

 /OUTPUT FILE= anstmp

 /OUTPUT FILE= anstmp

 /OUTPUT FILE= anstmp

 /OUTPUT FILE= anstmp

 /OUTPUT FILE= anstmp

 /OUTPUT FILE= anstmp

 /OUTPUT FILE= anstmp

 /OUTPUT FILE= anstmp

 /OUTPUT FILE= anstmp

<<<<<<< HEAD
 /OUTPUT FILE= anstmp
=======
 NUMBER OF WARNING MESSAGES ENCOUNTERED=          4
 NUMBER OF ERROR   MESSAGES ENCOUNTERED=          0
>>>>>>> 60856123f57a297cfbf3227f533de4c7b98b03eb

 /OUTPUT FILE= anstmp

<<<<<<< HEAD
 /OUTPUT FILE= anstmp

 /OUTPUT FILE= anstmp

 /OUTPUT FILE= anstmp

 /OUTPUT FILE= anstmp

 /OUTPUT FILE= anstmp

 /OUTPUT FILE= anstmp

 /OUTPUT FILE= anstmp

 /OUTPUT FILE= anstmp

 /OUTPUT FILE= anstmp

 /OUTPUT FILE= anstmp

 /OUTPUT FILE= anstmp

 /OUTPUT FILE= anstmp

 /OUTPUT FILE= anstmp

 /OUTPUT FILE= anstmp

 /OUTPUT FILE= anstmp

 /OUTPUT FILE= anstmp

 /OUTPUT FILE= anstmp

 /OUTPUT FILE= anstmp

 /OUTPUT FILE= anstmp

 /OUTPUT FILE= anstmp

 /OUTPUT FILE= anstmp

 /OUTPUT FILE= anstmp

 /OUTPUT FILE= anstmp

 /OUTPUT FILE= anstmp

 /OUTPUT FILE= anstmp

 /OUTPUT FILE= anstmp

 /OUTPUT FILE= anstmp

 /OUTPUT FILE= anstmp

 /OUTPUT FILE= anstmp

 /OUTPUT FILE= anstmp

 /OUTPUT FILE= anstmp

 /OUTPUT FILE= anstmp

 /OUTPUT FILE= anstmp

 /OUTPUT FILE= anstmp

 /OUTPUT FILE= anstmp

 /OUTPUT FILE= anstmp

 /OUTPUT FILE= anstmp

 /OUTPUT FILE= anstmp

 /OUTPUT FILE= anstmp

 /OUTPUT FILE= anstmp

 /OUTPUT FILE= anstmp

 /OUTPUT FILE= anstmp

 /OUTPUT FILE= anstmp

 /OUTPUT FILE= anstmp

 /OUTPUT FILE= anstmp

 /OUTPUT FILE= anstmp

 /OUTPUT FILE= anstmp

 /OUTPUT FILE= anstmp

 /OUTPUT FILE= anstmp

 /OUTPUT FILE= anstmp

 /OUTPUT FILE= anstmp

 /OUTPUT FILE= anstmp

 /OUTPUT FILE= anstmp

 /OUTPUT FILE= anstmp

 /OUTPUT FILE= anstmp

 /OUTPUT FILE= anstmp

 /OUTPUT FILE= anstmp

 /OUTPUT FILE= anstmp

 /OUTPUT FILE= anstmp

 /OUTPUT FILE= anstmp

 /OUTPUT FILE= anstmp

 /OUTPUT FILE= anstmp

 /OUTPUT FILE= anstmp

 /OUTPUT FILE= anstmp

 /OUTPUT FILE= anstmp

 /OUTPUT FILE= anstmp

 /OUTPUT FILE= anstmp

 /OUTPUT FILE= anstmp

 /OUTPUT FILE= anstmp

 /OUTPUT FILE= anstmp

 /OUTPUT FILE= anstmp

 /OUTPUT FILE= anstmp

 /OUTPUT FILE= anstmp

 /OUTPUT FILE= anstmp

 /OUTPUT FILE= anstmp

 /OUTPUT FILE= anstmp

 /OUTPUT FILE= anstmp

 /OUTPUT FILE= anstmp

 /OUTPUT FILE= anstmp

 /OUTPUT FILE= anstmp

 /OUTPUT FILE= anstmp

 /OUTPUT FILE= anstmp

 /OUTPUT FILE= anstmp

 /OUTPUT FILE= anstmp

 /OUTPUT FILE= anstmp

 /OUTPUT FILE= anstmp

 /OUTPUT FILE= anstmp

 /OUTPUT FILE= anstmp

 /OUTPUT FILE= anstmp

 /OUTPUT FILE= anstmp

 /OUTPUT FILE= anstmp

 /OUTPUT FILE= anstmp

 /OUTPUT FILE= anstmp

 /OUTPUT FILE= anstmp

 /OUTPUT FILE= anstmp

 /OUTPUT FILE= anstmp

 /OUTPUT FILE= anstmp

 /OUTPUT FILE= anstmp

 /OUTPUT FILE= anstmp

 /OUTPUT FILE= anstmp

 /OUTPUT FILE= anstmp

 /OUTPUT FILE= anstmp

 /OUTPUT FILE= anstmp

 /OUTPUT FILE= anstmp

 /OUTPUT FILE= anstmp

 /OUTPUT FILE= anstmp

 /OUTPUT FILE= anstmp

 /OUTPUT FILE= anstmp

 /OUTPUT FILE= anstmp

 /OUTPUT FILE= anstmp

 /OUTPUT FILE= anstmp

 /OUTPUT FILE= anstmp

 /OUTPUT FILE= anstmp

 /OUTPUT FILE= anstmp

 /OUTPUT FILE= anstmp

 /OUTPUT FILE= anstmp

 /OUTPUT FILE= anstmp

 /OUTPUT FILE= anstmp

 /OUTPUT FILE= anstmp

 /OUTPUT FILE= anstmp

 /OUTPUT FILE= anstmp

 /OUTPUT FILE= anstmp

 /OUTPUT FILE= anstmp

 /OUTPUT FILE= anstmp

 /OUTPUT FILE= anstmp

 /OUTPUT FILE= anstmp

 /OUTPUT FILE= anstmp

 /OUTPUT FILE= anstmp

 /OUTPUT FILE= anstmp

 /OUTPUT FILE= anstmp

 /OUTPUT FILE= anstmp

 /OUTPUT FILE= anstmp

 /OUTPUT FILE= anstmp

 /OUTPUT FILE= anstmp

 /OUTPUT FILE= anstmp

 /OUTPUT FILE= anstmp

 /OUTPUT FILE= anstmp

 /OUTPUT FILE= anstmp

 /OUTPUT FILE= anstmp

 /OUTPUT FILE= anstmp

 /OUTPUT FILE= anstmp

 /OUTPUT FILE= anstmp

 /OUTPUT FILE= anstmp

 /OUTPUT FILE= anstmp

 /OUTPUT FILE= anstmp

 /OUTPUT FILE= anstmp

 /OUTPUT FILE= anstmp

 /OUTPUT FILE= anstmp

 /OUTPUT FILE= anstmp

 /OUTPUT FILE= anstmp

 /OUTPUT FILE= anstmp

 /OUTPUT FILE= anstmp

 /OUTPUT FILE= anstmp

 /OUTPUT FILE= anstmp

 /OUTPUT FILE= anstmp

 /OUTPUT FILE= anstmp

 /OUTPUT FILE= anstmp

 /OUTPUT FILE= anstmp

 /OUTPUT FILE= anstmp

 /OUTPUT FILE= anstmp

 /OUTPUT FILE= anstmp

 /OUTPUT FILE= anstmp

 /OUTPUT FILE= anstmp

 /OUTPUT FILE= anstmp

 /OUTPUT FILE= anstmp

 /OUTPUT FILE= anstmp

 /OUTPUT FILE= anstmp

 /OUTPUT FILE= anstmp

 /OUTPUT FILE= anstmp

 /OUTPUT FILE= anstmp

 /OUTPUT FILE= anstmp

 /OUTPUT FILE= anstmp

 /OUTPUT FILE= anstmp

 /OUTPUT FILE= anstmp

 /OUTPUT FILE= anstmp

 /OUTPUT FILE= anstmp

 /OUTPUT FILE= anstmp

 /OUTPUT FILE= anstmp

 /OUTPUT FILE= anstmp

 /OUTPUT FILE= anstmp

 /OUTPUT FILE= anstmp

 /OUTPUT FILE= anstmp

 /OUTPUT FILE= anstmp

 /OUTPUT FILE= anstmp

 /OUTPUT FILE= anstmp

 /OUTPUT FILE= anstmp

 /OUTPUT FILE= anstmp

 /OUTPUT FILE= anstmp

 /OUTPUT FILE= anstmp

 /OUTPUT FILE= anstmp

 /OUTPUT FILE= anstmp

 /OUTPUT FILE= anstmp

 /OUTPUT FILE= anstmp

 /OUTPUT FILE= anstmp

 /OUTPUT FILE= anstmp

 /OUTPUT FILE= anstmp

 /OUTPUT FILE= anstmp

 /OUTPUT FILE= anstmp

 /OUTPUT FILE= anstmp

 /OUTPUT FILE= anstmp

 /OUTPUT FILE= anstmp

 /OUTPUT FILE= anstmp

 /OUTPUT FILE= anstmp

 /OUTPUT FILE= anstmp

 /OUTPUT FILE= anstmp

 /OUTPUT FILE= anstmp

 /OUTPUT FILE= anstmp

 /OUTPUT FILE= anstmp

 /OUTPUT FILE= anstmp

 /OUTPUT FILE= anstmp

 /OUTPUT FILE= anstmp

 /OUTPUT FILE= anstmp

 /OUTPUT FILE= anstmp

 /OUTPUT FILE= anstmp

 /OUTPUT FILE= anstmp

 /OUTPUT FILE= anstmp

 /OUTPUT FILE= anstmp

 /OUTPUT FILE= anstmp

 /OUTPUT FILE= anstmp

 /OUTPUT FILE= anstmp

 /OUTPUT FILE= anstmp

 /OUTPUT FILE= anstmp

 /OUTPUT FILE= anstmp

 /OUTPUT FILE= anstmp

 /OUTPUT FILE= anstmp

 /OUTPUT FILE= anstmp

 /OUTPUT FILE= anstmp

 /OUTPUT FILE= anstmp

 /OUTPUT FILE= anstmp

 /OUTPUT FILE= anstmp

 /OUTPUT FILE= anstmp

 /OUTPUT FILE= anstmp

 /OUTPUT FILE= anstmp

 /OUTPUT FILE= anstmp

 /OUTPUT FILE= anstmp

 /OUTPUT FILE= anstmp

 /OUTPUT FILE= anstmp

 /OUTPUT FILE= anstmp

 /OUTPUT FILE= anstmp

 /OUTPUT FILE= anstmp

 /OUTPUT FILE= anstmp

 /OUTPUT FILE= anstmp

 /OUTPUT FILE= anstmp

 /OUTPUT FILE= anstmp

 /OUTPUT FILE= anstmp

 /OUTPUT FILE= anstmp

 /OUTPUT FILE= anstmp

 /OUTPUT FILE= anstmp

 /OUTPUT FILE= anstmp

 /OUTPUT FILE= anstmp

 /OUTPUT FILE= anstmp

 /OUTPUT FILE= anstmp

 /OUTPUT FILE= anstmp

 /OUTPUT FILE= anstmp

 /OUTPUT FILE= anstmp

 /OUTPUT FILE= anstmp

 /OUTPUT FILE= anstmp

 /OUTPUT FILE= anstmp

 /OUTPUT FILE= anstmp

 /OUTPUT FILE= anstmp

 /OUTPUT FILE= anstmp

 /OUTPUT FILE= anstmp

 /OUTPUT FILE= anstmp

 /OUTPUT FILE= anstmp

 /OUTPUT FILE= anstmp

 /OUTPUT FILE= anstmp

 /OUTPUT FILE= anstmp

 /OUTPUT FILE= anstmp

 /OUTPUT FILE= anstmp

 /OUTPUT FILE= anstmp

 /OUTPUT FILE= anstmp

 /OUTPUT FILE= anstmp

 /OUTPUT FILE= anstmp

 /OUTPUT FILE= anstmp

 /OUTPUT FILE= anstmp

 /OUTPUT FILE= anstmp

 /OUTPUT FILE= anstmp

 /OUTPUT FILE= anstmp

 /OUTPUT FILE= anstmp

 /OUTPUT FILE= anstmp

 /OUTPUT FILE= anstmp

 /OUTPUT FILE= anstmp

 /OUTPUT FILE= anstmp

 /OUTPUT FILE= anstmp

 /OUTPUT FILE= anstmp

 /OUTPUT FILE= anstmp

 /OUTPUT FILE= anstmp

 /OUTPUT FILE= anstmp

 /OUTPUT FILE= anstmp

 /OUTPUT FILE= anstmp

 /OUTPUT FILE= anstmp

 /OUTPUT FILE= anstmp

 /OUTPUT FILE= anstmp

 /OUTPUT FILE= anstmp

 /OUTPUT FILE= anstmp

 /OUTPUT FILE= anstmp

 /OUTPUT FILE= anstmp

 /OUTPUT FILE= anstmp

 /OUTPUT FILE= anstmp

 /OUTPUT FILE= anstmp

 /OUTPUT FILE= anstmp

 /OUTPUT FILE= anstmp

 /OUTPUT FILE= anstmp

 /OUTPUT FILE= anstmp

 /OUTPUT FILE= anstmp

 /OUTPUT FILE= anstmp

 /OUTPUT FILE= anstmp

 /OUTPUT FILE= anstmp

 /OUTPUT FILE= anstmp

 /OUTPUT FILE= anstmp

 /OUTPUT FILE= anstmp

 /OUTPUT FILE= anstmp

 /OUTPUT FILE= anstmp

 /OUTPUT FILE= anstmp

 /OUTPUT FILE= anstmp

 /OUTPUT FILE= anstmp

 /OUTPUT FILE= anstmp

 /OUTPUT FILE= anstmp

 /OUTPUT FILE= anstmp

 /OUTPUT FILE= anstmp

 /OUTPUT FILE= anstmp

 /OUTPUT FILE= anstmp

 /OUTPUT FILE= anstmp

 /OUTPUT FILE= anstmp

 /OUTPUT FILE= anstmp

 /OUTPUT FILE= anstmp

 /OUTPUT FILE= anstmp

 /OUTPUT FILE= anstmp

 /OUTPUT FILE= anstmp

 /OUTPUT FILE= anstmp

 /OUTPUT FILE= anstmp

 /OUTPUT FILE= anstmp

 /OUTPUT FILE= anstmp

 /OUTPUT FILE= anstmp

 /OUTPUT FILE= anstmp

 /OUTPUT FILE= anstmp

 /OUTPUT FILE= anstmp

 /OUTPUT FILE= anstmp

 /OUTPUT FILE= anstmp

 /OUTPUT FILE= anstmp

 /OUTPUT FILE= anstmp

 /OUTPUT FILE= anstmp

 /OUTPUT FILE= anstmp

 /OUTPUT FILE= anstmp

 /OUTPUT FILE= anstmp

 /OUTPUT FILE= anstmp

 /OUTPUT FILE= anstmp

 /OUTPUT FILE= anstmp

 /OUTPUT FILE= anstmp

 /OUTPUT FILE= anstmp

 /OUTPUT FILE= anstmp

 /OUTPUT FILE= anstmp

 /OUTPUT FILE= anstmp

 /OUTPUT FILE= anstmp

 /OUTPUT FILE= anstmp

 /OUTPUT FILE= anstmp

 /OUTPUT FILE= anstmp

 /OUTPUT FILE= anstmp

 /OUTPUT FILE= anstmp

 /OUTPUT FILE= anstmp

 /OUTPUT FILE= anstmp

 /OUTPUT FILE= anstmp

 /OUTPUT FILE= anstmp

 /OUTPUT FILE= anstmp

 /OUTPUT FILE= anstmp

 /OUTPUT FILE= anstmp

 /OUTPUT FILE= anstmp

 /OUTPUT FILE= anstmp

 /OUTPUT FILE= anstmp

 /OUTPUT FILE= anstmp

 /OUTPUT FILE= anstmp

 /OUTPUT FILE= anstmp

 /OUTPUT FILE= anstmp

 /OUTPUT FILE= anstmp

 /OUTPUT FILE= anstmp

 /OUTPUT FILE= anstmp

 /OUTPUT FILE= anstmp

 /OUTPUT FILE= anstmp

 /OUTPUT FILE= anstmp

 /OUTPUT FILE= anstmp

 /OUTPUT FILE= anstmp

 /OUTPUT FILE= anstmp

 /OUTPUT FILE= anstmp

 /OUTPUT FILE= anstmp

 /OUTPUT FILE= anstmp

 /OUTPUT FILE= anstmp

 /OUTPUT FILE= anstmp

 /OUTPUT FILE= anstmp

 /OUTPUT FILE= anstmp

 /OUTPUT FILE= anstmp

 /OUTPUT FILE= anstmp

 /OUTPUT FILE= anstmp

 /OUTPUT FILE= anstmp

 /OUTPUT FILE= anstmp

 /OUTPUT FILE= anstmp

 /OUTPUT FILE= anstmp

 /OUTPUT FILE= anstmp

 /OUTPUT FILE= anstmp

 /OUTPUT FILE= anstmp

 /OUTPUT FILE= anstmp

 /OUTPUT FILE= anstmp

 /OUTPUT FILE= anstmp

 /OUTPUT FILE= anstmp

 /OUTPUT FILE= anstmp

 /OUTPUT FILE= anstmp

 /OUTPUT FILE= anstmp

 /OUTPUT FILE= anstmp

 /OUTPUT FILE= anstmp

 /OUTPUT FILE= anstmp

 /OUTPUT FILE= anstmp

 /OUTPUT FILE= anstmp

 /OUTPUT FILE= anstmp

 /OUTPUT FILE= anstmp

 /OUTPUT FILE= anstmp

 /OUTPUT FILE= anstmp

 /OUTPUT FILE= anstmp

 /OUTPUT FILE= anstmp

 /OUTPUT FILE= anstmp

 /OUTPUT FILE= anstmp

 /OUTPUT FILE= anstmp

 /OUTPUT FILE= anstmp

 /OUTPUT FILE= anstmp

 /OUTPUT FILE= anstmp

 /OUTPUT FILE= anstmp

 /OUTPUT FILE= anstmp

 /OUTPUT FILE= anstmp

 /OUTPUT FILE= anstmp

 /OUTPUT FILE= anstmp

 /OUTPUT FILE= anstmp

 /OUTPUT FILE= anstmp

 /OUTPUT FILE= anstmp

 /OUTPUT FILE= anstmp

 /OUTPUT FILE= anstmp

 /OUTPUT FILE= anstmp

 /OUTPUT FILE= anstmp

 /OUTPUT FILE= anstmp

 /OUTPUT FILE= anstmp

 /OUTPUT FILE= anstmp

 /OUTPUT FILE= anstmp

 /OUTPUT FILE= anstmp

 /OUTPUT FILE= anstmp

 /OUTPUT FILE= anstmp

 /OUTPUT FILE= anstmp

 /OUTPUT FILE= anstmp

 /OUTPUT FILE= anstmp

 /OUTPUT FILE= anstmp

 /OUTPUT FILE= anstmp

 /OUTPUT FILE= anstmp

 /OUTPUT FILE= anstmp

 /OUTPUT FILE= anstmp

 /OUTPUT FILE= anstmp

 /OUTPUT FILE= anstmp

 /OUTPUT FILE= anstmp

 /OUTPUT FILE= anstmp

 /OUTPUT FILE= anstmp

 /OUTPUT FILE= anstmp

 /OUTPUT FILE= anstmp

 /OUTPUT FILE= anstmp

 /OUTPUT FILE= anstmp

 /OUTPUT FILE= anstmp

 /OUTPUT FILE= anstmp

 /OUTPUT FILE= anstmp

 /OUTPUT FILE= anstmp

 /OUTPUT FILE= anstmp

 /OUTPUT FILE= anstmp

 /OUTPUT FILE= anstmp

 /OUTPUT FILE= anstmp

 /OUTPUT FILE= anstmp

 /OUTPUT FILE= anstmp

 /OUTPUT FILE= anstmp

 /OUTPUT FILE= anstmp

 /OUTPUT FILE= anstmp

 /OUTPUT FILE= anstmp

 /OUTPUT FILE= anstmp

 /OUTPUT FILE= anstmp

 /OUTPUT FILE= anstmp

 /OUTPUT FILE= anstmp

 /OUTPUT FILE= anstmp

 /OUTPUT FILE= anstmp

 /OUTPUT FILE= anstmp

 /OUTPUT FILE= anstmp

 /OUTPUT FILE= anstmp

 /OUTPUT FILE= anstmp

 /OUTPUT FILE= anstmp

 /OUTPUT FILE= anstmp

 /OUTPUT FILE= anstmp

 /OUTPUT FILE= anstmp

 /OUTPUT FILE= anstmp

 /OUTPUT FILE= anstmp

 /OUTPUT FILE= anstmp

 /OUTPUT FILE= anstmp

 /OUTPUT FILE= anstmp

 /OUTPUT FILE= anstmp

 /OUTPUT FILE= anstmp

 /OUTPUT FILE= anstmp

 /OUTPUT FILE= anstmp

 /OUTPUT FILE= anstmp

 /OUTPUT FILE= anstmp

 /OUTPUT FILE= anstmp

 /OUTPUT FILE= anstmp

 /OUTPUT FILE= anstmp

 /OUTPUT FILE= anstmp

 /OUTPUT FILE= anstmp

 /OUTPUT FILE= anstmp

 /OUTPUT FILE= anstmp

 /OUTPUT FILE= anstmp

 /OUTPUT FILE= anstmp

 /OUTPUT FILE= anstmp

 /OUTPUT FILE= anstmp

 /OUTPUT FILE= anstmp

 /OUTPUT FILE= anstmp

 /OUTPUT FILE= anstmp

 /OUTPUT FILE= anstmp

 /OUTPUT FILE= anstmp

 /OUTPUT FILE= anstmp

 /OUTPUT FILE= anstmp

 /OUTPUT FILE= anstmp

 /OUTPUT FILE= anstmp

 /OUTPUT FILE= anstmp

 /OUTPUT FILE= anstmp

 /OUTPUT FILE= anstmp

 /OUTPUT FILE= anstmp

 /OUTPUT FILE= anstmp

 /OUTPUT FILE= anstmp

 /OUTPUT FILE= anstmp

 /OUTPUT FILE= anstmp

 /OUTPUT FILE= anstmp

 /OUTPUT FILE= anstmp

 /OUTPUT FILE= anstmp

 /OUTPUT FILE= anstmp

 /OUTPUT FILE= anstmp

 /OUTPUT FILE= anstmp

 /OUTPUT FILE= anstmp

 /OUTPUT FILE= anstmp

 /OUTPUT FILE= anstmp

 /OUTPUT FILE= anstmp

 /OUTPUT FILE= anstmp

 /OUTPUT FILE= anstmp

 /OUTPUT FILE= anstmp

 /OUTPUT FILE= anstmp

 /OUTPUT FILE= anstmp

 /OUTPUT FILE= anstmp

 /OUTPUT FILE= anstmp

 /OUTPUT FILE= anstmp

 /OUTPUT FILE= anstmp

 /OUTPUT FILE= anstmp

 /OUTPUT FILE= anstmp

 /OUTPUT FILE= anstmp

 /OUTPUT FILE= anstmp

 /OUTPUT FILE= anstmp

 /OUTPUT FILE= anstmp

 /OUTPUT FILE= anstmp

 /OUTPUT FILE= anstmp

 /OUTPUT FILE= anstmp

 /OUTPUT FILE= anstmp

 /OUTPUT FILE= anstmp

 /OUTPUT FILE= anstmp

 /OUTPUT FILE= anstmp

 /OUTPUT FILE= anstmp

 /OUTPUT FILE= anstmp

 /OUTPUT FILE= anstmp

 /OUTPUT FILE= anstmp

 /OUTPUT FILE= anstmp

 /OUTPUT FILE= anstmp

 /OUTPUT FILE= anstmp

 /OUTPUT FILE= anstmp

 /OUTPUT FILE= anstmp

 /OUTPUT FILE= anstmp

 /OUTPUT FILE= anstmp

 /OUTPUT FILE= anstmp

 /OUTPUT FILE= anstmp

 /OUTPUT FILE= anstmp

 /OUTPUT FILE= anstmp

 /OUTPUT FILE= anstmp

 /OUTPUT FILE= anstmp

 /OUTPUT FILE= anstmp

 /OUTPUT FILE= anstmp

 /OUTPUT FILE= anstmp

 /OUTPUT FILE= anstmp

 /OUTPUT FILE= anstmp

 /OUTPUT FILE= anstmp

 /OUTPUT FILE= anstmp

 /OUTPUT FILE= anstmp

 /OUTPUT FILE= anstmp

 /OUTPUT FILE= anstmp

 /OUTPUT FILE= anstmp

 /OUTPUT FILE= anstmp

 /OUTPUT FILE= anstmp

 /OUTPUT FILE= anstmp

 /OUTPUT FILE= anstmp

 /OUTPUT FILE= anstmp

 /OUTPUT FILE= anstmp

 /OUTPUT FILE= anstmp

 /OUTPUT FILE= anstmp

 /OUTPUT FILE= anstmp

 /OUTPUT FILE= anstmp

 /OUTPUT FILE= anstmp

 /OUTPUT FILE= anstmp

 /OUTPUT FILE= anstmp

 /OUTPUT FILE= anstmp

 /OUTPUT FILE= anstmp

 /OUTPUT FILE= anstmp

 /OUTPUT FILE= anstmp

 /OUTPUT FILE= anstmp

 /OUTPUT FILE= anstmp

 /OUTPUT FILE= anstmp

 /OUTPUT FILE= anstmp

 /OUTPUT FILE= anstmp

 /OUTPUT FILE= anstmp

 /OUTPUT FILE= anstmp

 /OUTPUT FILE= anstmp

 /OUTPUT FILE= anstmp

 /OUTPUT FILE= anstmp

 /OUTPUT FILE= anstmp

 /OUTPUT FILE= anstmp

 /OUTPUT FILE= anstmp

 /OUTPUT FILE= anstmp

 /OUTPUT FILE= anstmp

 /OUTPUT FILE= anstmp

 /OUTPUT FILE= anstmp

 /OUTPUT FILE= anstmp

 /OUTPUT FILE= anstmp

 /OUTPUT FILE= anstmp

 /OUTPUT FILE= anstmp

 /OUTPUT FILE= anstmp

 /OUTPUT FILE= anstmp

 /OUTPUT FILE= anstmp

 /OUTPUT FILE= anstmp

 /OUTPUT FILE= anstmp

 /OUTPUT FILE= anstmp

 /OUTPUT FILE= anstmp

 /OUTPUT FILE= anstmp

 /OUTPUT FILE= anstmp

 /OUTPUT FILE= anstmp

 /OUTPUT FILE= anstmp

 /OUTPUT FILE= anstmp

 /OUTPUT FILE= anstmp

 /OUTPUT FILE= anstmp

 /OUTPUT FILE= anstmp

 /OUTPUT FILE= anstmp

 /OUTPUT FILE= anstmp

 /OUTPUT FILE= anstmp

 /OUTPUT FILE= anstmp

 /OUTPUT FILE= anstmp

 /OUTPUT FILE= anstmp

 /OUTPUT FILE= anstmp

 /OUTPUT FILE= anstmp

 /OUTPUT FILE= anstmp

 /OUTPUT FILE= anstmp

 /OUTPUT FILE= anstmp

 /OUTPUT FILE= anstmp

 /OUTPUT FILE= anstmp

 /OUTPUT FILE= anstmp

 /OUTPUT FILE= anstmp

 /OUTPUT FILE= anstmp

 /OUTPUT FILE= anstmp

 /OUTPUT FILE= anstmp

 /OUTPUT FILE= anstmp

 /OUTPUT FILE= anstmp

 /OUTPUT FILE= anstmp

 /OUTPUT FILE= anstmp

 /OUTPUT FILE= anstmp

 /OUTPUT FILE= anstmp

 /OUTPUT FILE= anstmp

 /OUTPUT FILE= anstmp

 /OUTPUT FILE= anstmp

 /OUTPUT FILE= anstmp

 /OUTPUT FILE= anstmp

 /OUTPUT FILE= anstmp

 /OUTPUT FILE= anstmp

 /OUTPUT FILE= anstmp

 /OUTPUT FILE= anstmp

 /OUTPUT FILE= anstmp

 /OUTPUT FILE= anstmp

 /OUTPUT FILE= anstmp

 /OUTPUT FILE= anstmp

 /OUTPUT FILE= anstmp

 /OUTPUT FILE= anstmp

 /OUTPUT FILE= anstmp

 /OUTPUT FILE= anstmp

 /OUTPUT FILE= anstmp

 /OUTPUT FILE= anstmp

 /OUTPUT FILE= anstmp

 /OUTPUT FILE= anstmp

 /OUTPUT FILE= anstmp

 /OUTPUT FILE= anstmp

 /OUTPUT FILE= anstmp

 /OUTPUT FILE= anstmp

 /OUTPUT FILE= anstmp

 /OUTPUT FILE= anstmp

 /OUTPUT FILE= anstmp

 /OUTPUT FILE= anstmp

 /OUTPUT FILE= anstmp

 /OUTPUT FILE= anstmp

 /OUTPUT FILE= anstmp

 /OUTPUT FILE= anstmp

 /OUTPUT FILE= anstmp

 /OUTPUT FILE= anstmp

 /OUTPUT FILE= anstmp

 /OUTPUT FILE= anstmp

 /OUTPUT FILE= anstmp

 /OUTPUT FILE= anstmp

 /OUTPUT FILE= anstmp

 /OUTPUT FILE= anstmp

 /OUTPUT FILE= anstmp

 /OUTPUT FILE= anstmp

 /OUTPUT FILE= anstmp

 /OUTPUT FILE= anstmp

 /OUTPUT FILE= anstmp

 /OUTPUT FILE= anstmp

 /OUTPUT FILE= anstmp

 /OUTPUT FILE= anstmp

 /OUTPUT FILE= anstmp

 /OUTPUT FILE= anstmp

 /OUTPUT FILE= anstmp

 /OUTPUT FILE= anstmp

 /OUTPUT FILE= anstmp

 /OUTPUT FILE= anstmp

 /OUTPUT FILE= anstmp

 /OUTPUT FILE= anstmp

 /OUTPUT FILE= anstmp

 /OUTPUT FILE= anstmp

 /OUTPUT FILE= anstmp

 /OUTPUT FILE= anstmp

 /OUTPUT FILE= anstmp

 /OUTPUT FILE= anstmp

 /OUTPUT FILE= anstmp

 /OUTPUT FILE= anstmp

 /OUTPUT FILE= anstmp

 /OUTPUT FILE= anstmp

 /OUTPUT FILE= anstmp

 /OUTPUT FILE= anstmp

 /OUTPUT FILE= anstmp

 /OUTPUT FILE= anstmp

 /OUTPUT FILE= anstmp

 /OUTPUT FILE= anstmp

 /OUTPUT FILE= anstmp

 /OUTPUT FILE= anstmp

 /OUTPUT FILE= anstmp

 /OUTPUT FILE= anstmp

 /OUTPUT FILE= anstmp

 /OUTPUT FILE= anstmp

 /OUTPUT FILE= anstmp

 /OUTPUT FILE= anstmp

 /OUTPUT FILE= anstmp

 /OUTPUT FILE= anstmp

 /OUTPUT FILE= anstmp

 /OUTPUT FILE= anstmp

 /OUTPUT FILE= anstmp

 /OUTPUT FILE= anstmp

 /OUTPUT FILE= anstmp

 /OUTPUT FILE= anstmp

 /OUTPUT FILE= anstmp

 /OUTPUT FILE= anstmp

 /OUTPUT FILE= anstmp

 /OUTPUT FILE= anstmp

 /OUTPUT FILE= anstmp

 /OUTPUT FILE= anstmp

 /OUTPUT FILE= anstmp

 /OUTPUT FILE= anstmp

 /OUTPUT FILE= anstmp

 /OUTPUT FILE= anstmp

 /OUTPUT FILE= anstmp

 /OUTPUT FILE= anstmp

 /OUTPUT FILE= anstmp

 /OUTPUT FILE= anstmp

 /OUTPUT FILE= anstmp

 /OUTPUT FILE= anstmp

 /OUTPUT FILE= anstmp

 /OUTPUT FILE= anstmp

 /OUTPUT FILE= anstmp

 /OUTPUT FILE= anstmp

 /OUTPUT FILE= anstmp

 /OUTPUT FILE= anstmp

 /OUTPUT FILE= anstmp

 /OUTPUT FILE= anstmp

 /OUTPUT FILE= anstmp

 /OUTPUT FILE= anstmp

 /OUTPUT FILE= anstmp

 /OUTPUT FILE= anstmp

 /OUTPUT FILE= anstmp

 /OUTPUT FILE= anstmp

 /OUTPUT FILE= anstmp

 /OUTPUT FILE= anstmp

 /OUTPUT FILE= anstmp

 /OUTPUT FILE= anstmp

 /OUTPUT FILE= anstmp

 /OUTPUT FILE= anstmp

 /OUTPUT FILE= anstmp

 /OUTPUT FILE= anstmp

 /OUTPUT FILE= anstmp

 /OUTPUT FILE= anstmp

 /OUTPUT FILE= anstmp

 /OUTPUT FILE= anstmp

 /OUTPUT FILE= anstmp

 /OUTPUT FILE= anstmp

 /OUTPUT FILE= anstmp

 /OUTPUT FILE= anstmp

 /OUTPUT FILE= anstmp

 /OUTPUT FILE= anstmp

 /OUTPUT FILE= anstmp

 /OUTPUT FILE= anstmp

 /OUTPUT FILE= anstmp

 /OUTPUT FILE= anstmp

 /OUTPUT FILE= anstmp

 /OUTPUT FILE= anstmp

 /OUTPUT FILE= anstmp

 /OUTPUT FILE= anstmp

 /OUTPUT FILE= anstmp

 /OUTPUT FILE= anstmp

 /OUTPUT FILE= anstmp

 /OUTPUT FILE= anstmp

 /OUTPUT FILE= anstmp

 /OUTPUT FILE= anstmp

 /OUTPUT FILE= anstmp

 /OUTPUT FILE= anstmp

 /OUTPUT FILE= anstmp

 /OUTPUT FILE= anstmp

 /OUTPUT FILE= anstmp

 /OUTPUT FILE= anstmp

 /OUTPUT FILE= anstmp

 /OUTPUT FILE= anstmp

 /OUTPUT FILE= anstmp

 /OUTPUT FILE= anstmp

 /OUTPUT FILE= anstmp

 /OUTPUT FILE= anstmp

 /OUTPUT FILE= anstmp

 /OUTPUT FILE= anstmp

 /OUTPUT FILE= anstmp

 /OUTPUT FILE= anstmp

 /OUTPUT FILE= anstmp

 /OUTPUT FILE= anstmp

 /OUTPUT FILE= anstmp

 /OUTPUT FILE= anstmp

 /OUTPUT FILE= anstmp

 /OUTPUT FILE= anstmp

 /OUTPUT FILE= anstmp

 /OUTPUT FILE= anstmp

 /OUTPUT FILE= anstmp

 /OUTPUT FILE= anstmp

 /OUTPUT FILE= anstmp

 /OUTPUT FILE= anstmp

 /OUTPUT FILE= anstmp

 /OUTPUT FILE= anstmp

 /OUTPUT FILE= anstmp

 /OUTPUT FILE= anstmp

 /OUTPUT FILE= anstmp

 /OUTPUT FILE= anstmp

 /OUTPUT FILE= anstmp

 /OUTPUT FILE= anstmp

 /OUTPUT FILE= anstmp

 /OUTPUT FILE= anstmp

 /OUTPUT FILE= anstmp

 /OUTPUT FILE= anstmp

 /OUTPUT FILE= anstmp

 /OUTPUT FILE= anstmp

 /OUTPUT FILE= anstmp

 /OUTPUT FILE= anstmp

 /OUTPUT FILE= anstmp

 /OUTPUT FILE= anstmp

 /OUTPUT FILE= anstmp

 /OUTPUT FILE= anstmp

 /OUTPUT FILE= anstmp

 /OUTPUT FILE= anstmp

 /OUTPUT FILE= anstmp

 /OUTPUT FILE= anstmp

 /OUTPUT FILE= anstmp

 /OUTPUT FILE= anstmp

 /OUTPUT FILE= anstmp

 /OUTPUT FILE= anstmp

 /OUTPUT FILE= anstmp

 /OUTPUT FILE= anstmp

 /OUTPUT FILE= anstmp

 /OUTPUT FILE= anstmp

 /OUTPUT FILE= anstmp

 /OUTPUT FILE= anstmp

 /OUTPUT FILE= anstmp

 /OUTPUT FILE= anstmp

 /OUTPUT FILE= anstmp

 /OUTPUT FILE= anstmp

 /OUTPUT FILE= anstmp

 /OUTPUT FILE= anstmp

 /OUTPUT FILE= anstmp

 /OUTPUT FILE= anstmp

 /OUTPUT FILE= anstmp

 /OUTPUT FILE= anstmp

 /OUTPUT FILE= anstmp

 /OUTPUT FILE= anstmp

 /OUTPUT FILE= anstmp

 /OUTPUT FILE= anstmp

 /OUTPUT FILE= anstmp

 /OUTPUT FILE= anstmp

 /OUTPUT FILE= anstmp

 /OUTPUT FILE= anstmp

 /OUTPUT FILE= anstmp

 /OUTPUT FILE= anstmp

 /OUTPUT FILE= anstmp

 /OUTPUT FILE= anstmp

 /OUTPUT FILE= anstmp

 /OUTPUT FILE= anstmp

 /OUTPUT FILE= anstmp

 /OUTPUT FILE= anstmp

 /OUTPUT FILE= anstmp

 /OUTPUT FILE= anstmp

 /OUTPUT FILE= anstmp

 /OUTPUT FILE= anstmp

 /OUTPUT FILE= anstmp

 /OUTPUT FILE= anstmp

 /OUTPUT FILE= anstmp

 /OUTPUT FILE= anstmp

 /OUTPUT FILE= anstmp

 /OUTPUT FILE= anstmp

 /OUTPUT FILE= anstmp

 /OUTPUT FILE= anstmp

 /OUTPUT FILE= anstmp

 /OUTPUT FILE= anstmp

 /OUTPUT FILE= anstmp

 /OUTPUT FILE= anstmp

 /OUTPUT FILE= anstmp

 /OUTPUT FILE= anstmp

 /OUTPUT FILE= anstmp

 /OUTPUT FILE= anstmp

 /OUTPUT FILE= anstmp

 /OUTPUT FILE= anstmp

 /OUTPUT FILE= anstmp

 /OUTPUT FILE= anstmp

 /OUTPUT FILE= anstmp

 /OUTPUT FILE= anstmp

 /OUTPUT FILE= anstmp

 /OUTPUT FILE= anstmp

 /OUTPUT FILE= anstmp

 /OUTPUT FILE= anstmp

 /OUTPUT FILE= anstmp

 /OUTPUT FILE= anstmp

 /OUTPUT FILE= anstmp

 /OUTPUT FILE= anstmp

 /OUTPUT FILE= anstmp

 /OUTPUT FILE= anstmp

 /OUTPUT FILE= anstmp

 /OUTPUT FILE= anstmp

 /OUTPUT FILE= anstmp

 /OUTPUT FILE= anstmp

 /OUTPUT FILE= anstmp

 /OUTPUT FILE= anstmp

 /OUTPUT FILE= anstmp

 /OUTPUT FILE= anstmp

 /OUTPUT FILE= anstmp

 /OUTPUT FILE= anstmp

 /OUTPUT FILE= anstmp

 /OUTPUT FILE= anstmp

 /OUTPUT FILE= anstmp

 /OUTPUT FILE= anstmp

 /OUTPUT FILE= anstmp

 /OUTPUT FILE= anstmp

 /OUTPUT FILE= anstmp

 /OUTPUT FILE= anstmp

 /OUTPUT FILE= anstmp

 /OUTPUT FILE= anstmp

 /OUTPUT FILE= anstmp

 /OUTPUT FILE= anstmp

 /OUTPUT FILE= anstmp

 /OUTPUT FILE= anstmp

 /OUTPUT FILE= anstmp

 /OUTPUT FILE= anstmp

 /OUTPUT FILE= anstmp

 /OUTPUT FILE= anstmp

 /OUTPUT FILE= anstmp

 /OUTPUT FILE= anstmp

 /OUTPUT FILE= anstmp

 /OUTPUT FILE= anstmp

 /OUTPUT FILE= anstmp

 /OUTPUT FILE= anstmp

 /OUTPUT FILE= anstmp

 /OUTPUT FILE= anstmp

 /OUTPUT FILE= anstmp

 /OUTPUT FILE= anstmp

 /OUTPUT FILE= anstmp

 /OUTPUT FILE= anstmp

 /OUTPUT FILE= anstmp

 /OUTPUT FILE= anstmp

 /OUTPUT FILE= anstmp

 /OUTPUT FILE= anstmp

 /OUTPUT FILE= anstmp

 /OUTPUT FILE= anstmp

 /OUTPUT FILE= anstmp

 /OUTPUT FILE= anstmp

 /OUTPUT FILE= anstmp

 /OUTPUT FILE= anstmp

 /OUTPUT FILE= anstmp

 /OUTPUT FILE= anstmp

 /OUTPUT FILE= anstmp

 /OUTPUT FILE= anstmp

 /OUTPUT FILE= anstmp

 /OUTPUT FILE= anstmp

 /OUTPUT FILE= anstmp

 /OUTPUT FILE= anstmp

 /OUTPUT FILE= anstmp

 /OUTPUT FILE= anstmp

 /OUTPUT FILE= anstmp

 /OUTPUT FILE= anstmp

 /OUTPUT FILE= anstmp

 /OUTPUT FILE= anstmp

 /OUTPUT FILE= anstmp

 /OUTPUT FILE= anstmp

 /OUTPUT FILE= anstmp

 /OUTPUT FILE= anstmp

 /OUTPUT FILE= anstmp

 /OUTPUT FILE= anstmp

 /OUTPUT FILE= anstmp

 /OUTPUT FILE= anstmp

 /OUTPUT FILE= anstmp

 /OUTPUT FILE= anstmp

 /OUTPUT FILE= anstmp

 /OUTPUT FILE= anstmp

 /OUTPUT FILE= anstmp

 /OUTPUT FILE= anstmp

 /OUTPUT FILE= anstmp

 /OUTPUT FILE= anstmp

 /OUTPUT FILE= anstmp

 /OUTPUT FILE= anstmp

 /OUTPUT FILE= anstmp

 /OUTPUT FILE= anstmp

 /OUTPUT FILE= anstmp

 /OUTPUT FILE= anstmp

 /OUTPUT FILE= anstmp

 /OUTPUT FILE= anstmp

 /OUTPUT FILE= anstmp

 /OUTPUT FILE= anstmp

 /OUTPUT FILE= anstmp

 /OUTPUT FILE= anstmp

 /OUTPUT FILE= anstmp

 /OUTPUT FILE= anstmp

 /OUTPUT FILE= anstmp

 /OUTPUT FILE= anstmp

 /OUTPUT FILE= anstmp

 /OUTPUT FILE= anstmp

 /OUTPUT FILE= anstmp

 /OUTPUT FILE= anstmp

 /OUTPUT FILE= anstmp

 /OUTPUT FILE= anstmp

 /OUTPUT FILE= anstmp

 /OUTPUT FILE= anstmp

 /OUTPUT FILE= anstmp

 /OUTPUT FILE= anstmp

 /OUTPUT FILE= anstmp

 /OUTPUT FILE= anstmp

 /OUTPUT FILE= anstmp

 /OUTPUT FILE= anstmp

 /OUTPUT FILE= anstmp

 /OUTPUT FILE= anstmp

 /OUTPUT FILE= anstmp

 /OUTPUT FILE= anstmp

 /OUTPUT FILE= anstmp

 /OUTPUT FILE= anstmp

 /OUTPUT FILE= anstmp

 /OUTPUT FILE= anstmp

 /OUTPUT FILE= anstmp

 /OUTPUT FILE= anstmp

 /OUTPUT FILE= anstmp

 /OUTPUT FILE= anstmp

 /OUTPUT FILE= anstmp

 /OUTPUT FILE= anstmp

 /OUTPUT FILE= anstmp

 /OUTPUT FILE= anstmp

 /OUTPUT FILE= anstmp

 /OUTPUT FILE= anstmp

 /OUTPUT FILE= anstmp

 /OUTPUT FILE= anstmp

 /OUTPUT FILE= anstmp

 /OUTPUT FILE= anstmp

 /OUTPUT FILE= anstmp

 /OUTPUT FILE= anstmp

 /OUTPUT FILE= anstmp

 /OUTPUT FILE= anstmp

 /OUTPUT FILE= anstmp

 /OUTPUT FILE= anstmp

 /OUTPUT FILE= anstmp

 /OUTPUT FILE= anstmp

 /OUTPUT FILE= anstmp

 /OUTPUT FILE= anstmp

 /OUTPUT FILE= anstmp

 /OUTPUT FILE= anstmp

 /OUTPUT FILE= anstmp

 /OUTPUT FILE= anstmp

 /OUTPUT FILE= anstmp

 /OUTPUT FILE= anstmp

 /OUTPUT FILE= anstmp

 /OUTPUT FILE= anstmp

 /OUTPUT FILE= anstmp

 /OUTPUT FILE= anstmp

 /OUTPUT FILE= anstmp

 /OUTPUT FILE= anstmp

 /OUTPUT FILE= anstmp

 /OUTPUT FILE= anstmp

 /OUTPUT FILE= anstmp

 /OUTPUT FILE= anstmp

 /OUTPUT FILE= anstmp

 /OUTPUT FILE= anstmp

 /OUTPUT FILE= anstmp

 /OUTPUT FILE= anstmp

 /OUTPUT FILE= anstmp

 /OUTPUT FILE= anstmp

 /OUTPUT FILE= anstmp

 /OUTPUT FILE= anstmp

 /OUTPUT FILE= anstmp

 /OUTPUT FILE= anstmp

 /OUTPUT FILE= anstmp

 /OUTPUT FILE= anstmp

 /OUTPUT FILE= anstmp

 /OUTPUT FILE= anstmp

 /OUTPUT FILE= anstmp

 /OUTPUT FILE= anstmp

 /OUTPUT FILE= anstmp

 /OUTPUT FILE= anstmp

 /OUTPUT FILE= anstmp

 /OUTPUT FILE= anstmp

 /OUTPUT FILE= anstmp

 /OUTPUT FILE= anstmp

 /OUTPUT FILE= anstmp

 /OUTPUT FILE= anstmp

 /OUTPUT FILE= anstmp

 /OUTPUT FILE= anstmp

 /OUTPUT FILE= anstmp

 /OUTPUT FILE= anstmp

 /OUTPUT FILE= anstmp

 /OUTPUT FILE= anstmp

 /OUTPUT FILE= anstmp

 /OUTPUT FILE= anstmp

 /OUTPUT FILE= anstmp

 /OUTPUT FILE= anstmp

 /OUTPUT FILE= anstmp

 /OUTPUT FILE= anstmp

 /OUTPUT FILE= anstmp

 /OUTPUT FILE= anstmp

 /OUTPUT FILE= anstmp

 /OUTPUT FILE= anstmp

 /OUTPUT FILE= anstmp

 /OUTPUT FILE= anstmp

 /OUTPUT FILE= anstmp

 /OUTPUT FILE= anstmp

 /OUTPUT FILE= anstmp

 /OUTPUT FILE= anstmp

 /OUTPUT FILE= anstmp

 /OUTPUT FILE= anstmp

 /OUTPUT FILE= anstmp

 /OUTPUT FILE= anstmp

 /OUTPUT FILE= anstmp

 /OUTPUT FILE= anstmp

 /OUTPUT FILE= anstmp

 /OUTPUT FILE= anstmp

 /OUTPUT FILE= anstmp

 /OUTPUT FILE= anstmp

 /OUTPUT FILE= anstmp

 /OUTPUT FILE= anstmp

 /OUTPUT FILE= anstmp

 /OUTPUT FILE= anstmp

 /OUTPUT FILE= anstmp

 /OUTPUT FILE= anstmp

 /OUTPUT FILE= anstmp

 /OUTPUT FILE= anstmp

 /OUTPUT FILE= anstmp

 /OUTPUT FILE= anstmp

 /OUTPUT FILE= anstmp

 /OUTPUT FILE= anstmp

 /OUTPUT FILE= anstmp

 /OUTPUT FILE= anstmp

 /OUTPUT FILE= anstmp

 /OUTPUT FILE= anstmp

 /OUTPUT FILE= anstmp

 /OUTPUT FILE= anstmp

 /OUTPUT FILE= anstmp

 /OUTPUT FILE= anstmp

 /OUTPUT FILE= anstmp

 /OUTPUT FILE= anstmp

 /OUTPUT FILE= anstmp

 /OUTPUT FILE= anstmp

 /OUTPUT FILE= anstmp

 /OUTPUT FILE= anstmp

 /OUTPUT FILE= anstmp

 /OUTPUT FILE= anstmp

 /OUTPUT FILE= anstmp

 /OUTPUT FILE= anstmp

 /OUTPUT FILE= anstmp

 /OUTPUT FILE= anstmp

 /OUTPUT FILE= anstmp

 /OUTPUT FILE= anstmp

 /OUTPUT FILE= anstmp

 /OUTPUT FILE= anstmp

 /OUTPUT FILE= anstmp

 /OUTPUT FILE= anstmp

 /OUTPUT FILE= anstmp

 /OUTPUT FILE= anstmp

 /OUTPUT FILE= anstmp

 /OUTPUT FILE= anstmp

 /OUTPUT FILE= anstmp

 /OUTPUT FILE= anstmp

 /OUTPUT FILE= anstmp

 /OUTPUT FILE= anstmp

 /OUTPUT FILE= anstmp

 /OUTPUT FILE= anstmp

 /OUTPUT FILE= anstmp

 /OUTPUT FILE= anstmp

 /OUTPUT FILE= anstmp

 /OUTPUT FILE= anstmp

 /OUTPUT FILE= anstmp

 /OUTPUT FILE= anstmp

 /OUTPUT FILE= anstmp

 /OUTPUT FILE= anstmp

 /OUTPUT FILE= anstmp

 /OUTPUT FILE= anstmp

 /OUTPUT FILE= anstmp

 /OUTPUT FILE= anstmp

 /OUTPUT FILE= anstmp

 /OUTPUT FILE= anstmp

 /OUTPUT FILE= anstmp

 /OUTPUT FILE= anstmp

 /OUTPUT FILE= anstmp

 /OUTPUT FILE= anstmp

 /OUTPUT FILE= anstmp

 /OUTPUT FILE= anstmp

 /OUTPUT FILE= anstmp

 /OUTPUT FILE= anstmp

 /OUTPUT FILE= anstmp

 /OUTPUT FILE= anstmp

 /OUTPUT FILE= anstmp

 /OUTPUT FILE= anstmp

 /OUTPUT FILE= anstmp

 /OUTPUT FILE= anstmp

 /OUTPUT FILE= anstmp

 /OUTPUT FILE= anstmp

 /OUTPUT FILE= anstmp

 /OUTPUT FILE= anstmp

 /OUTPUT FILE= anstmp

 /OUTPUT FILE= anstmp

 /OUTPUT FILE= anstmp

 /OUTPUT FILE= anstmp

 /OUTPUT FILE= anstmp

 /OUTPUT FILE= anstmp

 /OUTPUT FILE= anstmp

 /OUTPUT FILE= anstmp

 /OUTPUT FILE= anstmp

 /OUTPUT FILE= anstmp

 /OUTPUT FILE= anstmp

 /OUTPUT FILE= anstmp

 /OUTPUT FILE= anstmp

 /OUTPUT FILE= anstmp

 /OUTPUT FILE= anstmp

 /OUTPUT FILE= anstmp

 /OUTPUT FILE= anstmp

 /OUTPUT FILE= anstmp

 /OUTPUT FILE= anstmp

 /OUTPUT FILE= anstmp

 /OUTPUT FILE= anstmp

 /OUTPUT FILE= anstmp

 /OUTPUT FILE= anstmp

 /OUTPUT FILE= anstmp

 /OUTPUT FILE= anstmp

 /OUTPUT FILE= anstmp

 /OUTPUT FILE= anstmp

 /OUTPUT FILE= anstmp

 /OUTPUT FILE= anstmp

 /OUTPUT FILE= anstmp

 /OUTPUT FILE= anstmp

 /OUTPUT FILE= anstmp

 /OUTPUT FILE= anstmp

 /OUTPUT FILE= anstmp

 /OUTPUT FILE= anstmp

 /OUTPUT FILE= anstmp

 /OUTPUT FILE= anstmp

 /OUTPUT FILE= anstmp

 /OUTPUT FILE= anstmp

 /OUTPUT FILE= anstmp

 /OUTPUT FILE= anstmp

 /OUTPUT FILE= anstmp

 /OUTPUT FILE= anstmp

 /OUTPUT FILE= anstmp

 /OUTPUT FILE= anstmp

 /OUTPUT FILE= anstmp

 /OUTPUT FILE= anstmp

 /OUTPUT FILE= anstmp

 /OUTPUT FILE= anstmp

 /OUTPUT FILE= anstmp

 /OUTPUT FILE= anstmp

 /OUTPUT FILE= anstmp

 /OUTPUT FILE= anstmp

 /OUTPUT FILE= anstmp

 /OUTPUT FILE= anstmp

 /OUTPUT FILE= anstmp

 /OUTPUT FILE= anstmp

 /OUTPUT FILE= anstmp

 /OUTPUT FILE= anstmp

 /OUTPUT FILE= anstmp

 /OUTPUT FILE= anstmp

 /OUTPUT FILE= anstmp

 /OUTPUT FILE= anstmp

 /OUTPUT FILE= anstmp

 /OUTPUT FILE= anstmp

 /OUTPUT FILE= anstmp

 /OUTPUT FILE= anstmp

 /OUTPUT FILE= anstmp

 /OUTPUT FILE= anstmp

 /OUTPUT FILE= anstmp

 /OUTPUT FILE= anstmp

 /OUTPUT FILE= anstmp

 /OUTPUT FILE= anstmp

 /OUTPUT FILE= anstmp

 /OUTPUT FILE= anstmp

 /OUTPUT FILE= anstmp

 /OUTPUT FILE= anstmp

 /OUTPUT FILE= anstmp

 /OUTPUT FILE= anstmp

 /OUTPUT FILE= anstmp

 /OUTPUT FILE= anstmp

 /OUTPUT FILE= anstmp

 /OUTPUT FILE= anstmp

 /OUTPUT FILE= anstmp

 /OUTPUT FILE= anstmp

 /OUTPUT FILE= anstmp

 /OUTPUT FILE= anstmp

 /OUTPUT FILE= anstmp

 /OUTPUT FILE= anstmp

 /OUTPUT FILE= anstmp

 /OUTPUT FILE= anstmp

 /OUTPUT FILE= anstmp

 /OUTPUT FILE= anstmp

 /OUTPUT FILE= anstmp

 /OUTPUT FILE= anstmp

 /OUTPUT FILE= anstmp

 /OUTPUT FILE= anstmp

 /OUTPUT FILE= anstmp

 /OUTPUT FILE= anstmp

 /OUTPUT FILE= anstmp

 /OUTPUT FILE= anstmp

 /OUTPUT FILE= anstmp

 /OUTPUT FILE= anstmp

 /OUTPUT FILE= anstmp

 /OUTPUT FILE= anstmp

 /OUTPUT FILE= anstmp

 /OUTPUT FILE= anstmp

 /OUTPUT FILE= anstmp

 /OUTPUT FILE= anstmp

 /OUTPUT FILE= anstmp

 /OUTPUT FILE= anstmp

 /OUTPUT FILE= anstmp

 /OUTPUT FILE= anstmp

 /OUTPUT FILE= anstmp

 /OUTPUT FILE= anstmp

 /OUTPUT FILE= anstmp

 /OUTPUT FILE= anstmp

 /OUTPUT FILE= anstmp

 /OUTPUT FILE= anstmp

 /OUTPUT FILE= anstmp

 /OUTPUT FILE= anstmp

 /OUTPUT FILE= anstmp

 /OUTPUT FILE= anstmp

 /OUTPUT FILE= anstmp

 /OUTPUT FILE= anstmp

 /OUTPUT FILE= anstmp

 /OUTPUT FILE= anstmp

 /OUTPUT FILE= anstmp

 /OUTPUT FILE= anstmp

 /OUTPUT FILE= anstmp

 /OUTPUT FILE= anstmp

 /OUTPUT FILE= anstmp

 /OUTPUT FILE= anstmp

 /OUTPUT FILE= anstmp

 /OUTPUT FILE= anstmp

 /OUTPUT FILE= anstmp

 /OUTPUT FILE= anstmp

 /OUTPUT FILE= anstmp

 /OUTPUT FILE= anstmp

 /OUTPUT FILE= anstmp

 /OUTPUT FILE= anstmp

 /OUTPUT FILE= anstmp

 /OUTPUT FILE= anstmp

 /OUTPUT FILE= anstmp

 /OUTPUT FILE= anstmp

 /OUTPUT FILE= anstmp

 /OUTPUT FILE= anstmp

 /OUTPUT FILE= anstmp

 /OUTPUT FILE= anstmp

 /OUTPUT FILE= anstmp

 /OUTPUT FILE= anstmp

 /OUTPUT FILE= anstmp

 /OUTPUT FILE= anstmp

 /OUTPUT FILE= anstmp

 /OUTPUT FILE= anstmp

 /OUTPUT FILE= anstmp

 /OUTPUT FILE= anstmp

 /OUTPUT FILE= anstmp

 /OUTPUT FILE= anstmp

 /OUTPUT FILE= anstmp

 /OUTPUT FILE= anstmp

 /OUTPUT FILE= anstmp

 /OUTPUT FILE= anstmp

 /OUTPUT FILE= anstmp

 /OUTPUT FILE= anstmp

 /OUTPUT FILE= anstmp

 /OUTPUT FILE= anstmp

 /OUTPUT FILE= anstmp

 /OUTPUT FILE= anstmp

 /OUTPUT FILE= anstmp

 /OUTPUT FILE= anstmp

 /OUTPUT FILE= anstmp

 /OUTPUT FILE= anstmp

 /OUTPUT FILE= anstmp

 /OUTPUT FILE= anstmp

 /OUTPUT FILE= anstmp

 /OUTPUT FILE= anstmp

 /OUTPUT FILE= anstmp

 /OUTPUT FILE= anstmp

 /OUTPUT FILE= anstmp

 /OUTPUT FILE= anstmp

 /OUTPUT FILE= anstmp

 /OUTPUT FILE= anstmp

 /OUTPUT FILE= anstmp

 /OUTPUT FILE= anstmp

 /OUTPUT FILE= anstmp

 /OUTPUT FILE= anstmp

 /OUTPUT FILE= anstmp

 /OUTPUT FILE= anstmp

 /OUTPUT FILE= anstmp

 /OUTPUT FILE= anstmp

 /OUTPUT FILE= anstmp

 /OUTPUT FILE= anstmp

 /OUTPUT FILE= anstmp

 /OUTPUT FILE= anstmp

 /OUTPUT FILE= anstmp

 /OUTPUT FILE= anstmp

 /OUTPUT FILE= anstmp

 /OUTPUT FILE= anstmp

 /OUTPUT FILE= anstmp

 /OUTPUT FILE= anstmp

 /OUTPUT FILE= anstmp

 /OUTPUT FILE= anstmp

 /OUTPUT FILE= anstmp

 /OUTPUT FILE= anstmp

 /OUTPUT FILE= anstmp

 /OUTPUT FILE= anstmp

 /OUTPUT FILE= anstmp

 /OUTPUT FILE= anstmp

 /OUTPUT FILE= anstmp

 /OUTPUT FILE= anstmp

 /OUTPUT FILE= anstmp

 /OUTPUT FILE= anstmp

 /OUTPUT FILE= anstmp

 /OUTPUT FILE= anstmp

 /OUTPUT FILE= anstmp

 /OUTPUT FILE= anstmp

 /OUTPUT FILE= anstmp

 /OUTPUT FILE= anstmp

 /OUTPUT FILE= anstmp

 /OUTPUT FILE= anstmp

 /OUTPUT FILE= anstmp

 /OUTPUT FILE= anstmp

 /OUTPUT FILE= anstmp

 /OUTPUT FILE= anstmp

 /OUTPUT FILE= anstmp

 /OUTPUT FILE= anstmp

 /OUTPUT FILE= anstmp

 /OUTPUT FILE= anstmp

 /OUTPUT FILE= anstmp

 /OUTPUT FILE= anstmp

 /OUTPUT FILE= anstmp

 /OUTPUT FILE= anstmp

 /OUTPUT FILE= anstmp

 /OUTPUT FILE= anstmp

 /OUTPUT FILE= anstmp

 /OUTPUT FILE= anstmp

 /OUTPUT FILE= anstmp

 /OUTPUT FILE= anstmp

 /OUTPUT FILE= anstmp

 /OUTPUT FILE= anstmp

 /OUTPUT FILE= anstmp

 /OUTPUT FILE= anstmp

 /OUTPUT FILE= anstmp

 /OUTPUT FILE= anstmp

 /OUTPUT FILE= anstmp

 /OUTPUT FILE= anstmp

 /OUTPUT FILE= anstmp

 /OUTPUT FILE= anstmp

 /OUTPUT FILE= anstmp

 /OUTPUT FILE= anstmp

 /OUTPUT FILE= anstmp

 /OUTPUT FILE= anstmp

 /OUTPUT FILE= anstmp

 /OUTPUT FILE= anstmp

 /OUTPUT FILE= anstmp

 /OUTPUT FILE= anstmp

 /OUTPUT FILE= anstmp

 /OUTPUT FILE= anstmp

 /OUTPUT FILE= anstmp

 /OUTPUT FILE= anstmp

 /OUTPUT FILE= anstmp

 /OUTPUT FILE= anstmp

 /OUTPUT FILE= anstmp

 /OUTPUT FILE= anstmp
=======
 *-----------------------------------------------------------------------------*
 |                                                                             |
 |                               RUN COMPLETED                                 |
 |                                                                             |
 |-----------------------------------------------------------------------------|
 |                                                                             |
 |  Ansys MAPDL 2025 R1         Build 25.1         UP20241202    WINDOWS x64   |
 |                                                                             |
 |-----------------------------------------------------------------------------|
 |                                                                             |
 |  Database Requested(-db)  1024 MB     Scratch Memory Requested      1024 MB |
 |  Maximum Database Used      11 MB     Maximum Scratch Memory Used     55 MB |
 |                                                                             |
 |-----------------------------------------------------------------------------|
 |                                                                             |
 |        CP Time      (sec) =         14.969       Time  =  19:44:08          |
 |        Elapsed Time (sec) =         12.000       Date  =  04/11/2026        |
 |                                                                             |
 *-----------------------------------------------------------------------------*
>>>>>>> 60856123f57a297cfbf3227f533de4c7b98b03eb
