/COM,ANSYS RELEASE 2025 R1           BUILD 25.1      UP20241202       09:06:53

 *** WARNING ***                         CP =       0.000   TIME= 00:00:00
 The geometry is not available.  Issue the RESUME command to restore the 
 database.  The NUMVAR command is ignored.                               

 *** WARNING ***                         CP =       0.000   TIME= 00:00:00
 Altering the abort level key is not recommended.                        

 *** WARNING ***                         CP =       0.000   TIME= 00:00:00
 K is not a recognized SOLUTION command, abbreviation, or macro.         
  This command will be ignored.                                          

 *** WARNING ***                         CP =       0.000   TIME= 00:00:00
 K is not a recognized SOLUTION command, abbreviation, or macro.         
  This command will be ignored.                                          

 *** WARNING ***                         CP =       0.000   TIME= 00:00:00
 K is not a recognized SOLUTION command, abbreviation, or macro.         
  This command will be ignored.                                          

 *** WARNING ***                         CP =       0.000   TIME= 00:00:00
 L is not a recognized SOLUTION command, abbreviation, or macro.         
  This command will be ignored.                                          

 *** WARNING ***                         CP =       0.000   TIME= 00:00:00
 K is not a recognized SOLUTION command, abbreviation, or macro.         
  This command will be ignored.                                          

 *** WARNING ***                         CP =       0.000   TIME= 00:00:00
 L is not a recognized SOLUTION command, abbreviation, or macro.         
  This command will be ignored.                                          

 *** WARNING ***                         CP =       0.000   TIME= 00:00:00
 L is not a recognized SOLUTION command, abbreviation, or macro.         
  This command will be ignored.                                          

 *** WARNING ***                         CP =       0.000   TIME= 00:00:00
 K is not a recognized SOLUTION command, abbreviation, or macro.         
  This command will be ignored.                                          

 *** WARNING ***                         CP =       0.000   TIME= 00:00:00
 K is not a recognized SOLUTION command, abbreviation, or macro.         
  This command will be ignored.                                          

 *** WARNING ***                         CP =       0.000   TIME= 00:00:00
 L is not a recognized SOLUTION command, abbreviation, or macro.         
  This command will be ignored.                                          

 *** WARNING ***                         CP =       0.000   TIME= 00:00:00
 K is not a recognized SOLUTION command, abbreviation, or macro.         
  This command will be ignored.                                          

 *** WARNING ***                         CP =       0.000   TIME= 00:00:00
 L is not a recognized SOLUTION command, abbreviation, or macro.         
  This command will be ignored.                                          

 *** WARNING ***                         CP =       0.000   TIME= 00:00:00
 K is not a recognized SOLUTION command, abbreviation, or macro.         
  This command will be ignored.                                          

 *** WARNING ***                         CP =       0.000   TIME= 00:00:00
 K is not a recognized SOLUTION command, abbreviation, or macro.         
  This command will be ignored.                                          

 *** WARNING ***                         CP =       0.000   TIME= 00:00:00
 L is not a recognized SOLUTION command, abbreviation, or macro.         
  This command will be ignored.                                          

 *** WARNING ***                         CP =       0.000   TIME= 00:00:00
 K is not a recognized SOLUTION command, abbreviation, or macro.         
  This command will be ignored.                                          

 *** WARNING ***                         CP =       0.000   TIME= 00:00:00
 K is not a recognized SOLUTION command, abbreviation, or macro.         
  This command will be ignored.                                          

 *** WARNING ***                         CP =       0.000   TIME= 00:00:00
 L is not a recognized SOLUTION command, abbreviation, or macro.         
  This command will be ignored.                                          

 *** WARNING ***                         CP =       0.000   TIME= 00:00:00
 K is not a recognized SOLUTION command, abbreviation, or macro.         
  This command will be ignored.                                          

 *** WARNING ***                         CP =       0.000   TIME= 00:00:00
 K is not a recognized SOLUTION command, abbreviation, or macro.         
  This command will be ignored.                                          

 *** WARNING ***                         CP =       0.000   TIME= 00:00:00
 L is not a recognized SOLUTION command, abbreviation, or macro.         
  This command will be ignored.                                          

 *** WARNING ***                         CP =       0.000   TIME= 00:00:00
 K is not a recognized SOLUTION command, abbreviation, or macro.         
  This command will be ignored.                                          

 *** WARNING ***                         CP =       0.000   TIME= 00:00:00
 L is not a recognized SOLUTION command, abbreviation, or macro.         
  This command will be ignored.                                          

 *** WARNING ***                         CP =       0.000   TIME= 00:00:00
 L is not a recognized SOLUTION command, abbreviation, or macro.         
  This command will be ignored.                                          

 *** WARNING ***                         CP =       0.000   TIME= 00:00:00
 K is not a recognized SOLUTION command, abbreviation, or macro.         
  This command will be ignored.                                          

 *** WARNING ***                         CP =       0.000   TIME= 00:00:00
 K is not a recognized SOLUTION command, abbreviation, or macro.         
  This command will be ignored.                                          

 *** WARNING ***                         CP =       0.000   TIME= 00:00:00
 L is not a recognized SOLUTION command, abbreviation, or macro.         
  This command will be ignored.                                          

 *** WARNING ***                         CP =       0.000   TIME= 00:00:00
 K is not a recognized SOLUTION command, abbreviation, or macro.         
  This command will be ignored.                                          

 *** WARNING ***                         CP =       0.000   TIME= 00:00:00
 K is not a recognized SOLUTION command, abbreviation, or macro.         
  This command will be ignored.                                          

 *** WARNING ***                         CP =       0.000   TIME= 00:00:00
 L is not a recognized SOLUTION command, abbreviation, or macro.         
  This command will be ignored.                                          

 *** WARNING ***                         CP =       0.000   TIME= 00:00:00
 K is not a recognized SOLUTION command, abbreviation, or macro.         
  This command will be ignored.                                          

 *** WARNING ***                         CP =       0.000   TIME= 00:00:00
 K is not a recognized SOLUTION command, abbreviation, or macro.         
  This command will be ignored.                                          

 *** WARNING ***                         CP =       0.000   TIME= 00:00:00
 L is not a recognized SOLUTION command, abbreviation, or macro.         
  This command will be ignored.                                          

 *** WARNING ***                         CP =       0.000   TIME= 00:00:00
 K is not a recognized SOLUTION command, abbreviation, or macro.         
  This command will be ignored.                                          

 *** WARNING ***                         CP =       0.000   TIME= 00:00:00
 K is not a recognized SOLUTION command, abbreviation, or macro.         
  This command will be ignored.                                          

 *** WARNING ***                         CP =       0.000   TIME= 00:00:00
 L is not a recognized SOLUTION command, abbreviation, or macro.         
  This command will be ignored.                                          

 *** WARNING ***                         CP =       0.000   TIME= 00:00:00
 K is not a recognized SOLUTION command, abbreviation, or macro.         
  This command will be ignored.                                          

 *** WARNING ***                         CP =       0.000   TIME= 00:00:00
 L is not a recognized SOLUTION command, abbreviation, or macro.         
  This command will be ignored.                                          

 *** WARNING ***                         CP =       0.000   TIME= 00:00:00
 L is not a recognized SOLUTION command, abbreviation, or macro.         
  This command will be ignored.                                          

 *** WARNING ***                         CP =       0.000   TIME= 00:00:00
 K is not a recognized SOLUTION command, abbreviation, or macro.         
  This command will be ignored.                                          

 *** WARNING ***                         CP =       0.000   TIME= 00:00:00
 K is not a recognized SOLUTION command, abbreviation, or macro.         
  This command will be ignored.                                          

 *** WARNING ***                         CP =       0.000   TIME= 00:00:00
 L is not a recognized SOLUTION command, abbreviation, or macro.         
  This command will be ignored.                                          

 *** WARNING ***                         CP =       0.000   TIME= 00:00:00
 K is not a recognized SOLUTION command, abbreviation, or macro.         
  This command will be ignored.                                          

 *** WARNING ***                         CP =       0.000   TIME= 00:00:00
 K is not a recognized SOLUTION command, abbreviation, or macro.         
  This command will be ignored.                                          

 *** WARNING ***                         CP =       0.000   TIME= 00:00:00
 L is not a recognized SOLUTION command, abbreviation, or macro.         
  This command will be ignored.                                          

 *** WARNING ***                         CP =       0.000   TIME= 00:00:00
 K is not a recognized SOLUTION command, abbreviation, or macro.         
  This command will be ignored.                                          

 *** WARNING ***                         CP =       0.000   TIME= 00:00:00
 K is not a recognized SOLUTION command, abbreviation, or macro.         
  This command will be ignored.                                          

 *** WARNING ***                         CP =       0.000   TIME= 00:00:00
 L is not a recognized SOLUTION command, abbreviation, or macro.         
  This command will be ignored.                                          

 *** WARNING ***                         CP =       0.000   TIME= 00:00:00
 K is not a recognized SOLUTION command, abbreviation, or macro.         
  This command will be ignored.                                          

 *** WARNING ***                         CP =       0.000   TIME= 00:00:00
 K is not a recognized SOLUTION command, abbreviation, or macro.         
  This command will be ignored.                                          

 *** WARNING ***                         CP =       0.000   TIME= 00:00:00
 L is not a recognized SOLUTION command, abbreviation, or macro.         
  This command will be ignored.                                          

 *** WARNING ***                         CP =       0.000   TIME= 00:00:00
 L is not a recognized SOLUTION command, abbreviation, or macro.         
  This command will be ignored.                                          

 *** WARNING ***                         CP =       0.000   TIME= 00:00:00
 K is not a recognized SOLUTION command, abbreviation, or macro.         
  This command will be ignored.                                          

 *** WARNING ***                         CP =       0.000   TIME= 00:00:00
 K is not a recognized SOLUTION command, abbreviation, or macro.         
  This command will be ignored.                                          

 *** WARNING ***                         CP =       0.000   TIME= 00:00:00
 L is not a recognized SOLUTION command, abbreviation, or macro.         
  This command will be ignored.                                          

 *** WARNING ***                         CP =       0.000   TIME= 00:00:00
 K is not a recognized SOLUTION command, abbreviation, or macro.         
  This command will be ignored.                                          

 *** WARNING ***                         CP =       0.000   TIME= 00:00:00
 K is not a recognized SOLUTION command, abbreviation, or macro.         
  This command will be ignored.                                          

 *** WARNING ***                         CP =       0.000   TIME= 00:00:00
 L is not a recognized SOLUTION command, abbreviation, or macro.         
  This command will be ignored.                                          

 *** WARNING ***                         CP =       0.000   TIME= 00:00:00
 K is not a recognized SOLUTION command, abbreviation, or macro.         
  This command will be ignored.                                          

 *** WARNING ***                         CP =       0.000   TIME= 00:00:00
 L is not a recognized SOLUTION command, abbreviation, or macro.         
  This command will be ignored.                                          

 *** WARNING ***                         CP =       0.000   TIME= 00:00:00
 K is not a recognized SOLUTION command, abbreviation, or macro.         
  This command will be ignored.                                          

 *** WARNING ***                         CP =       0.000   TIME= 00:00:00
 L is not a recognized SOLUTION command, abbreviation, or macro.         
  This command will be ignored.                                          

 *** WARNING ***                         CP =       0.000   TIME= 00:00:00
 L is not a recognized SOLUTION command, abbreviation, or macro.         
  This command will be ignored.                                          

 *** WARNING ***                         CP =       0.000   TIME= 00:00:00
 L is not a recognized SOLUTION command, abbreviation, or macro.         
  This command will be ignored.                                          

 *** WARNING ***                         CP =       0.000   TIME= 00:00:00
 K is not a recognized SOLUTION command, abbreviation, or macro.         
  This command will be ignored.                                          

 *** WARNING ***                         CP =       0.000   TIME= 00:00:00
 K is not a recognized SOLUTION command, abbreviation, or macro.         
  This command will be ignored.                                          

 *** WARNING ***                         CP =       0.000   TIME= 00:00:00
 L is not a recognized SOLUTION command, abbreviation, or macro.         
  This command will be ignored.                                          

 *** WARNING ***                         CP =       0.000   TIME= 00:00:00
 K is not a recognized SOLUTION command, abbreviation, or macro.         
  This command will be ignored.                                          

 *** WARNING ***                         CP =       0.000   TIME= 00:00:00
 L is not a recognized SOLUTION command, abbreviation, or macro.         
  This command will be ignored.                                          

 *** WARNING ***                         CP =       0.000   TIME= 00:00:00
 L is not a recognized SOLUTION command, abbreviation, or macro.         
  This command will be ignored.                                          

 *** WARNING ***                         CP =       0.000   TIME= 00:00:00
 K is not a recognized SOLUTION command, abbreviation, or macro.         
  This command will be ignored.                                          

 *** WARNING ***                         CP =       0.000   TIME= 00:00:00
 K is not a recognized SOLUTION command, abbreviation, or macro.         
  This command will be ignored.                                          

 *** WARNING ***                         CP =       0.000   TIME= 00:00:00
 L is not a recognized SOLUTION command, abbreviation, or macro.         
  This command will be ignored.                                          

 *** WARNING ***                         CP =       0.000   TIME= 00:00:00
 K is not a recognized SOLUTION command, abbreviation, or macro.         
  This command will be ignored.                                          

 *** WARNING ***                         CP =       0.000   TIME= 00:00:00
 K is not a recognized SOLUTION command, abbreviation, or macro.         
  This command will be ignored.                                          

 *** WARNING ***                         CP =       0.000   TIME= 00:00:00
 L is not a recognized SOLUTION command, abbreviation, or macro.         
  This command will be ignored.                                          

 *** WARNING ***                         CP =       0.000   TIME= 00:00:00
 K is not a recognized SOLUTION command, abbreviation, or macro.         
  This command will be ignored.                                          

 *** WARNING ***                         CP =       0.000   TIME= 00:00:00
 K is not a recognized SOLUTION command, abbreviation, or macro.         
  This command will be ignored.                                          

 *** WARNING ***                         CP =       0.000   TIME= 00:00:00
 L is not a recognized SOLUTION command, abbreviation, or macro.         
  This command will be ignored.                                          

 *** WARNING ***                         CP =       0.000   TIME= 00:00:00
 K is not a recognized SOLUTION command, abbreviation, or macro.         
  This command will be ignored.                                          

 *** WARNING ***                         CP =       0.000   TIME= 00:00:00
 K is not a recognized SOLUTION command, abbreviation, or macro.         
  This command will be ignored.                                          

 *** WARNING ***                         CP =       0.000   TIME= 00:00:00
 L is not a recognized SOLUTION command, abbreviation, or macro.         
  This command will be ignored.                                          

 *** WARNING ***                         CP =       0.000   TIME= 00:00:00
 L is not a recognized SOLUTION command, abbreviation, or macro.         
  This command will be ignored.                                          

 *** WARNING ***                         CP =       0.000   TIME= 00:00:00
 K is not a recognized SOLUTION command, abbreviation, or macro.         
  This command will be ignored.                                          

 *** WARNING ***                         CP =       0.000   TIME= 00:00:00
 L is not a recognized SOLUTION command, abbreviation, or macro.         
  This command will be ignored.                                          

 *** WARNING ***                         CP =       0.000   TIME= 00:00:00
 K is not a recognized SOLUTION command, abbreviation, or macro.         
  This command will be ignored.                                          

 *** WARNING ***                         CP =       0.000   TIME= 00:00:00
 K is not a recognized SOLUTION command, abbreviation, or macro.         
  This command will be ignored.                                          

 *** WARNING ***                         CP =       0.000   TIME= 00:00:00
 L is not a recognized SOLUTION command, abbreviation, or macro.         
  This command will be ignored.                                          

 *** WARNING ***                         CP =       0.000   TIME= 00:00:00
 K is not a recognized SOLUTION command, abbreviation, or macro.         
  This command will be ignored.                                          

 *** WARNING ***                         CP =       0.000   TIME= 00:00:00
 K is not a recognized SOLUTION command, abbreviation, or macro.         
  This command will be ignored.                                          

 *** WARNING ***                         CP =       0.000   TIME= 00:00:00
 L is not a recognized SOLUTION command, abbreviation, or macro.         
  This command will be ignored.                                          

 *** WARNING ***                         CP =       0.000   TIME= 00:00:00
 L is not a recognized SOLUTION command, abbreviation, or macro.         
  This command will be ignored.                                          

 *** WARNING ***                         CP =       0.000   TIME= 00:00:00
 K is not a recognized SOLUTION command, abbreviation, or macro.         
  This command will be ignored.                                          

 *** WARNING ***                         CP =       0.000   TIME= 00:00:00
 K is not a recognized SOLUTION command, abbreviation, or macro.         
  This command will be ignored.                                          

 *** WARNING ***                         CP =       0.000   TIME= 00:00:00
 L is not a recognized SOLUTION command, abbreviation, or macro.         
  This command will be ignored.                                          

 *** WARNING ***                         CP =       0.000   TIME= 00:00:00
 K is not a recognized SOLUTION command, abbreviation, or macro.         
  This command will be ignored.                                          

 *** WARNING ***                         CP =       0.000   TIME= 00:00:00
 L is not a recognized SOLUTION command, abbreviation, or macro.         
  This command will be ignored.                                          

 *** WARNING ***                         CP =       0.000   TIME= 00:00:00
 K is not a recognized SOLUTION command, abbreviation, or macro.         
  This command will be ignored.                                          

 *** WARNING ***                         CP =       0.000   TIME= 00:00:00
 L is not a recognized SOLUTION command, abbreviation, or macro.         
  This command will be ignored.                                          

 *** WARNING ***                         CP =       0.000   TIME= 00:00:00
 L is not a recognized SOLUTION command, abbreviation, or macro.         
  This command will be ignored.                                          

 *** WARNING ***                         CP =       0.000   TIME= 00:00:00
 K is not a recognized SOLUTION command, abbreviation, or macro.         
  This command will be ignored.                                          

 *** WARNING ***                         CP =       0.000   TIME= 00:00:00
 K is not a recognized SOLUTION command, abbreviation, or macro.         
  This command will be ignored.                                          

 *** WARNING ***                         CP =       0.000   TIME= 00:00:00
 L is not a recognized SOLUTION command, abbreviation, or macro.         
  This command will be ignored.                                          

 *** WARNING ***                         CP =       0.000   TIME= 00:00:00
 K is not a recognized SOLUTION command, abbreviation, or macro.         
  This command will be ignored.                                          

 *** WARNING ***                         CP =       0.000   TIME= 00:00:00
 K is not a recognized SOLUTION command, abbreviation, or macro.         
  This command will be ignored.                                          

 *** WARNING ***                         CP =       0.000   TIME= 00:00:00
 L is not a recognized SOLUTION command, abbreviation, or macro.         
  This command will be ignored.                                          

 *** WARNING ***                         CP =       0.000   TIME= 00:00:00
 K is not a recognized SOLUTION command, abbreviation, or macro.         
  This command will be ignored.                                          

 *** WARNING ***                         CP =       0.000   TIME= 00:00:00
 K is not a recognized SOLUTION command, abbreviation, or macro.         
  This command will be ignored.                                          

 *** WARNING ***                         CP =       0.000   TIME= 00:00:00
 L is not a recognized SOLUTION command, abbreviation, or macro.         
  This command will be ignored.                                          

 *** WARNING ***                         CP =       0.000   TIME= 00:00:00
 K is not a recognized SOLUTION command, abbreviation, or macro.         
  This command will be ignored.                                          

 *** WARNING ***                         CP =       0.000   TIME= 00:00:00
 K is not a recognized SOLUTION command, abbreviation, or macro.         
  This command will be ignored.                                          

 *** WARNING ***                         CP =       0.000   TIME= 00:00:00
 L is not a recognized SOLUTION command, abbreviation, or macro.         
  This command will be ignored.                                          

 *** WARNING ***                         CP =       0.000   TIME= 00:00:00
 L is not a recognized SOLUTION command, abbreviation, or macro.         
  This command will be ignored.                                          

 *** WARNING ***                         CP =       0.000   TIME= 00:00:00
 K is not a recognized SOLUTION command, abbreviation, or macro.         
  This command will be ignored.                                          

 *** WARNING ***                         CP =       0.000   TIME= 00:00:00
 K is not a recognized SOLUTION command, abbreviation, or macro.         
  This command will be ignored.                                          

 *** WARNING ***                         CP =       0.000   TIME= 00:00:00
 L is not a recognized SOLUTION command, abbreviation, or macro.         
  This command will be ignored.                                          

 *** WARNING ***                         CP =       0.000   TIME= 00:00:00
 K is not a recognized SOLUTION command, abbreviation, or macro.         
  This command will be ignored.                                          

 *** WARNING ***                         CP =       0.000   TIME= 00:00:00
 K is not a recognized SOLUTION command, abbreviation, or macro.         
  This command will be ignored.                                          

 *** WARNING ***                         CP =       0.000   TIME= 00:00:00
 L is not a recognized SOLUTION command, abbreviation, or macro.         
  This command will be ignored.                                          

 *** WARNING ***                         CP =       0.000   TIME= 00:00:00
 K is not a recognized SOLUTION command, abbreviation, or macro.         
  This command will be ignored.                                          

 *** WARNING ***                         CP =       0.000   TIME= 00:00:00
 K is not a recognized SOLUTION command, abbreviation, or macro.         
  This command will be ignored.                                          

 *** WARNING ***                         CP =       0.000   TIME= 00:00:00
 L is not a recognized SOLUTION command, abbreviation, or macro.         
  This command will be ignored.                                          

 *** WARNING ***                         CP =       0.000   TIME= 00:00:00
 K is not a recognized SOLUTION command, abbreviation, or macro.         
  This command will be ignored.                                          

 *** WARNING ***                         CP =       0.000   TIME= 00:00:00
 K is not a recognized SOLUTION command, abbreviation, or macro.         
  This command will be ignored.                                          

 *** WARNING ***                         CP =       0.000   TIME= 00:00:00
 L is not a recognized SOLUTION command, abbreviation, or macro.         
  This command will be ignored.                                          

 *** WARNING ***                         CP =       0.000   TIME= 00:00:00
 K is not a recognized SOLUTION command, abbreviation, or macro.         
  This command will be ignored.                                          

 *** WARNING ***                         CP =       0.000   TIME= 00:00:00
 K is not a recognized SOLUTION command, abbreviation, or macro.         
  This command will be ignored.                                          

 *** WARNING ***                         CP =       0.000   TIME= 00:00:00
 L is not a recognized SOLUTION command, abbreviation, or macro.         
  This command will be ignored.                                          

 *** WARNING ***                         CP =       0.000   TIME= 00:00:00
 K is not a recognized SOLUTION command, abbreviation, or macro.         
  This command will be ignored.                                          

 *** WARNING ***                         CP =       0.000   TIME= 00:00:00
 K is not a recognized SOLUTION command, abbreviation, or macro.         
  This command will be ignored.                                          

 *** WARNING ***                         CP =       0.000   TIME= 00:00:00
 L is not a recognized SOLUTION command, abbreviation, or macro.         
  This command will be ignored.                                          

 *** WARNING ***                         CP =       0.000   TIME= 00:00:00
 L is not a recognized SOLUTION command, abbreviation, or macro.         
  This command will be ignored.                                          

 *** WARNING ***                         CP =       0.000   TIME= 00:00:00
 K is not a recognized SOLUTION command, abbreviation, or macro.         
  This command will be ignored.                                          

 *** WARNING ***                         CP =       0.000   TIME= 00:00:00
 L is not a recognized SOLUTION command, abbreviation, or macro.         
  This command will be ignored.                                          

 *** WARNING ***                         CP =       0.000   TIME= 00:00:00
 K is not a recognized SOLUTION command, abbreviation, or macro.         
  This command will be ignored.                                          

 *** WARNING ***                         CP =       0.000   TIME= 00:00:00
 L is not a recognized SOLUTION command, abbreviation, or macro.         
  This command will be ignored.                                          

 *** WARNING ***                         CP =       0.000   TIME= 00:00:00
 K is not a recognized SOLUTION command, abbreviation, or macro.         
  This command will be ignored.                                          

 *** WARNING ***                         CP =       0.000   TIME= 00:00:00
 K is not a recognized SOLUTION command, abbreviation, or macro.         
  This command will be ignored.                                          

 *** WARNING ***                         CP =       0.000   TIME= 00:00:00
 L is not a recognized SOLUTION command, abbreviation, or macro.         
  This command will be ignored.                                          

 *** WARNING ***                         CP =       0.000   TIME= 00:00:00
 K is not a recognized SOLUTION command, abbreviation, or macro.         
  This command will be ignored.                                          

 *** WARNING ***                         CP =       0.000   TIME= 00:00:00
 K is not a recognized SOLUTION command, abbreviation, or macro.         
  This command will be ignored.                                          

 *** WARNING ***                         CP =       0.000   TIME= 00:00:00
 L is not a recognized SOLUTION command, abbreviation, or macro.         
  This command will be ignored.                                          

 *** WARNING ***                         CP =       0.000   TIME= 00:00:00
 K is not a recognized SOLUTION command, abbreviation, or macro.         
  This command will be ignored.                                          

 *** WARNING ***                         CP =       0.000   TIME= 00:00:00
 K is not a recognized SOLUTION command, abbreviation, or macro.         
  This command will be ignored.                                          

 *** WARNING ***                         CP =       0.000   TIME= 00:00:00
 L is not a recognized SOLUTION command, abbreviation, or macro.         
  This command will be ignored.                                          

 *** WARNING ***                         CP =       0.000   TIME= 00:00:00
 L is not a recognized SOLUTION command, abbreviation, or macro.         
  This command will be ignored.                                          

 *** WARNING ***                         CP =       0.000   TIME= 00:00:00
 K is not a recognized SOLUTION command, abbreviation, or macro.         
  This command will be ignored.                                          

 *** WARNING ***                         CP =       0.000   TIME= 00:00:00
 L is not a recognized SOLUTION command, abbreviation, or macro.         
  This command will be ignored.                                          

 *** WARNING ***                         CP =       0.000   TIME= 00:00:00
 L is not a recognized SOLUTION command, abbreviation, or macro.         
  This command will be ignored.                                          

 *** WARNING ***                         CP =       0.000   TIME= 00:00:00
 L is not a recognized SOLUTION command, abbreviation, or macro.         
  This command will be ignored.                                          

 *** WARNING ***                         CP =       0.000   TIME= 00:00:00
 K is not a recognized SOLUTION command, abbreviation, or macro.         
  This command will be ignored.                                          

 *** WARNING ***                         CP =       0.000   TIME= 00:00:00
 K is not a recognized SOLUTION command, abbreviation, or macro.         
  This command will be ignored.                                          

 *** WARNING ***                         CP =       0.000   TIME= 00:00:00
 L is not a recognized SOLUTION command, abbreviation, or macro.         
  This command will be ignored.                                          

 *** WARNING ***                         CP =       0.000   TIME= 00:00:00
 K is not a recognized SOLUTION command, abbreviation, or macro.         
  This command will be ignored.                                          

 *** WARNING ***                         CP =       0.000   TIME= 00:00:00
 K is not a recognized SOLUTION command, abbreviation, or macro.         
  This command will be ignored.                                          

 *** WARNING ***                         CP =       0.000   TIME= 00:00:00
 L is not a recognized SOLUTION command, abbreviation, or macro.         
  This command will be ignored.                                          

 *** WARNING ***                         CP =       0.000   TIME= 00:00:00
 K is not a recognized SOLUTION command, abbreviation, or macro.         
  This command will be ignored.                                          

 *** WARNING ***                         CP =       0.000   TIME= 00:00:00
 K is not a recognized SOLUTION command, abbreviation, or macro.         
  This command will be ignored.                                          

 *** WARNING ***                         CP =       0.000   TIME= 00:00:00
 L is not a recognized SOLUTION command, abbreviation, or macro.         
  This command will be ignored.                                          

 *** WARNING ***                         CP =       0.000   TIME= 00:00:00
 K is not a recognized SOLUTION command, abbreviation, or macro.         
  This command will be ignored.                                          

 *** WARNING ***                         CP =       0.000   TIME= 00:00:00
 K is not a recognized SOLUTION command, abbreviation, or macro.         
  This command will be ignored.                                          

 *** WARNING ***                         CP =       0.000   TIME= 00:00:00
 L is not a recognized SOLUTION command, abbreviation, or macro.         
  This command will be ignored.                                          

 *** WARNING ***                         CP =       0.000   TIME= 00:00:00
 K is not a recognized SOLUTION command, abbreviation, or macro.         
  This command will be ignored.                                          

 *** WARNING ***                         CP =       0.000   TIME= 00:00:00
 K is not a recognized SOLUTION command, abbreviation, or macro.         
  This command will be ignored.                                          

 *** WARNING ***                         CP =       0.000   TIME= 00:00:00
 L is not a recognized SOLUTION command, abbreviation, or macro.         
  This command will be ignored.                                          

 *** WARNING ***                         CP =       0.000   TIME= 00:00:00
 K is not a recognized SOLUTION command, abbreviation, or macro.         
  This command will be ignored.                                          

 *** WARNING ***                         CP =       0.000   TIME= 00:00:00
 K is not a recognized SOLUTION command, abbreviation, or macro.         
  This command will be ignored.                                          

 *** WARNING ***                         CP =       0.000   TIME= 00:00:00
 L is not a recognized SOLUTION command, abbreviation, or macro.         
  This command will be ignored.                                          

 *** WARNING ***                         CP =       0.000   TIME= 00:00:00
 L is not a recognized SOLUTION command, abbreviation, or macro.         
  This command will be ignored.                                          

 *** WARNING ***                         CP =       0.000   TIME= 00:00:00
 K is not a recognized SOLUTION command, abbreviation, or macro.         
  This command will be ignored.                                          

 *** WARNING ***                         CP =       0.000   TIME= 00:00:00
 K is not a recognized SOLUTION command, abbreviation, or macro.         
  This command will be ignored.                                          

 *** WARNING ***                         CP =       0.000   TIME= 00:00:00
 L is not a recognized SOLUTION command, abbreviation, or macro.         
  This command will be ignored.                                          

 *** WARNING ***                         CP =       0.000   TIME= 00:00:00
 K is not a recognized SOLUTION command, abbreviation, or macro.         
  This command will be ignored.                                          

 *** WARNING ***                         CP =       0.000   TIME= 00:00:00
 L is not a recognized SOLUTION command, abbreviation, or macro.         
  This command will be ignored.                                          

 *** WARNING ***                         CP =       0.000   TIME= 00:00:00
 K is not a recognized SOLUTION command, abbreviation, or macro.         
  This command will be ignored.                                          

 *** WARNING ***                         CP =       0.000   TIME= 00:00:00
 K is not a recognized SOLUTION command, abbreviation, or macro.         
  This command will be ignored.                                          

 *** WARNING ***                         CP =       0.000   TIME= 00:00:00
 L is not a recognized SOLUTION command, abbreviation, or macro.         
  This command will be ignored.                                          

 *** WARNING ***                         CP =       0.000   TIME= 00:00:00
 L is not a recognized SOLUTION command, abbreviation, or macro.         
  This command will be ignored.                                          

 *** WARNING ***                         CP =       0.000   TIME= 00:00:00
 K is not a recognized SOLUTION command, abbreviation, or macro.         
  This command will be ignored.                                          

 *** WARNING ***                         CP =       0.000   TIME= 00:00:00
 L is not a recognized SOLUTION command, abbreviation, or macro.         
  This command will be ignored.                                          

 *** WARNING ***                         CP =       0.000   TIME= 00:00:00
 L is not a recognized SOLUTION command, abbreviation, or macro.         
  This command will be ignored.                                          

 *** WARNING ***                         CP =       0.000   TIME= 00:00:00
 K is not a recognized SOLUTION command, abbreviation, or macro.         
  This command will be ignored.                                          

 *** WARNING ***                         CP =       0.000   TIME= 00:00:00
 K is not a recognized SOLUTION command, abbreviation, or macro.         
  This command will be ignored.                                          

 *** WARNING ***                         CP =       0.000   TIME= 00:00:00
 L is not a recognized SOLUTION command, abbreviation, or macro.         
  This command will be ignored.                                          

 *** WARNING ***                         CP =       0.000   TIME= 00:00:00
 K is not a recognized SOLUTION command, abbreviation, or macro.         
  This command will be ignored.                                          

 *** WARNING ***                         CP =       0.000   TIME= 00:00:00
 L is not a recognized SOLUTION command, abbreviation, or macro.         
  This command will be ignored.                                          

 *** WARNING ***                         CP =       0.000   TIME= 00:00:00
 L is not a recognized SOLUTION command, abbreviation, or macro.         
  This command will be ignored.                                          

 *** WARNING ***                         CP =       0.000   TIME= 00:00:00
 K is not a recognized SOLUTION command, abbreviation, or macro.         
  This command will be ignored.                                          

 *** WARNING ***                         CP =       0.000   TIME= 00:00:00
 K is not a recognized SOLUTION command, abbreviation, or macro.         
  This command will be ignored.                                          

 *** WARNING ***                         CP =       0.000   TIME= 00:00:00
 L is not a recognized SOLUTION command, abbreviation, or macro.         
  This command will be ignored.                                          

 *** WARNING ***                         CP =       0.000   TIME= 00:00:00
 K is not a recognized SOLUTION command, abbreviation, or macro.         
  This command will be ignored.                                          

 *** WARNING ***                         CP =       0.000   TIME= 00:00:00
 L is not a recognized SOLUTION command, abbreviation, or macro.         
  This command will be ignored.                                          

 *** WARNING ***                         CP =       0.000   TIME= 00:00:00
 K is not a recognized SOLUTION command, abbreviation, or macro.         
  This command will be ignored.                                          

 *** WARNING ***                         CP =       0.000   TIME= 00:00:00
 K is not a recognized SOLUTION command, abbreviation, or macro.         
  This command will be ignored.                                          

 *** WARNING ***                         CP =       0.000   TIME= 00:00:00
 L is not a recognized SOLUTION command, abbreviation, or macro.         
  This command will be ignored.                                          

 *** WARNING ***                         CP =       0.000   TIME= 00:00:00
 K is not a recognized SOLUTION command, abbreviation, or macro.         
  This command will be ignored.                                          

 *** WARNING ***                         CP =       0.000   TIME= 00:00:00
 L is not a recognized SOLUTION command, abbreviation, or macro.         
  This command will be ignored.                                          

 *** WARNING ***                         CP =       0.000   TIME= 00:00:00
 K is not a recognized SOLUTION command, abbreviation, or macro.         
  This command will be ignored.                                          

 *** WARNING ***                         CP =       0.000   TIME= 00:00:00
 K is not a recognized SOLUTION command, abbreviation, or macro.         
  This command will be ignored.                                          

 *** WARNING ***                         CP =       0.000   TIME= 00:00:00
 L is not a recognized SOLUTION command, abbreviation, or macro.         
  This command will be ignored.                                          

 *** WARNING ***                         CP =       0.000   TIME= 00:00:00
 K is not a recognized SOLUTION command, abbreviation, or macro.         
  This command will be ignored.                                          

 *** WARNING ***                         CP =       0.000   TIME= 00:00:00
 L is not a recognized SOLUTION command, abbreviation, or macro.         
  This command will be ignored.                                          

 *** WARNING ***                         CP =       0.000   TIME= 00:00:00
 L is not a recognized SOLUTION command, abbreviation, or macro.         
  This command will be ignored.                                          

 *** WARNING ***                         CP =       0.000   TIME= 00:00:00
 L is not a recognized SOLUTION command, abbreviation, or macro.         
  This command will be ignored.                                          

 *** WARNING ***                         CP =       0.000   TIME= 00:00:00
 L is not a recognized SOLUTION command, abbreviation, or macro.         
  This command will be ignored.                                          

 *** WARNING ***                         CP =       0.000   TIME= 00:00:00
 L is not a recognized SOLUTION command, abbreviation, or macro.         
  This command will be ignored.                                          

 *** WARNING ***                         CP =       0.000   TIME= 00:00:00
 L is not a recognized SOLUTION command, abbreviation, or macro.         
  This command will be ignored.                                          

 *** WARNING ***                         CP =       0.000   TIME= 00:00:00
 L is not a recognized SOLUTION command, abbreviation, or macro.         
  This command will be ignored.                                          

 *** WARNING ***                         CP =       0.000   TIME= 00:00:00
 K is not a recognized SOLUTION command, abbreviation, or macro.         
  This command will be ignored.                                          

 *** WARNING ***                         CP =       0.000   TIME= 00:00:00
 L is not a recognized SOLUTION command, abbreviation, or macro.         
  This command will be ignored.                                          

 *** WARNING ***                         CP =       0.000   TIME= 00:00:00
 L is not a recognized SOLUTION command, abbreviation, or macro.         
  This command will be ignored.                                          

 *** WARNING ***                         CP =       0.000   TIME= 00:00:00
 L is not a recognized SOLUTION command, abbreviation, or macro.         
  This command will be ignored.                                          

 *** WARNING ***                         CP =       0.000   TIME= 00:00:00
 K is not a recognized SOLUTION command, abbreviation, or macro.         
  This command will be ignored.                                          

 *** WARNING ***                         CP =       0.000   TIME= 00:00:00
 L is not a recognized SOLUTION command, abbreviation, or macro.         
  This command will be ignored.                                          

 *** WARNING ***                         CP =       0.000   TIME= 00:00:00
 L is not a recognized SOLUTION command, abbreviation, or macro.         
  This command will be ignored.                                          

 *** WARNING ***                         CP =       0.000   TIME= 00:00:00
 L is not a recognized SOLUTION command, abbreviation, or macro.         
  This command will be ignored.                                          

 *** WARNING ***                         CP =       0.000   TIME= 00:00:00
 L is not a recognized SOLUTION command, abbreviation, or macro.         
  This command will be ignored.                                          

 *** WARNING ***                         CP =       0.000   TIME= 00:00:00
 L is not a recognized SOLUTION command, abbreviation, or macro.         
  This command will be ignored.                                          

 *** WARNING ***                         CP =       0.000   TIME= 00:00:00
 L is not a recognized SOLUTION command, abbreviation, or macro.         
  This command will be ignored.                                          

 *** WARNING ***                         CP =       0.000   TIME= 00:00:00
 L is not a recognized SOLUTION command, abbreviation, or macro.         
  This command will be ignored.                                          

 *** WARNING ***                         CP =       0.000   TIME= 00:00:00
 L is not a recognized SOLUTION command, abbreviation, or macro.         
  This command will be ignored.                                          

 *** WARNING ***                         CP =       0.000   TIME= 00:00:00
 L is not a recognized SOLUTION command, abbreviation, or macro.         
  This command will be ignored.                                          

 *** WARNING ***                         CP =       0.000   TIME= 00:00:00
 L is not a recognized SOLUTION command, abbreviation, or macro.         
  This command will be ignored.                                          

 *** WARNING ***                         CP =       0.000   TIME= 00:00:00
 L is not a recognized SOLUTION command, abbreviation, or macro.         
  This command will be ignored.                                          

 *** WARNING ***                         CP =       0.000   TIME= 00:00:00
 L is not a recognized SOLUTION command, abbreviation, or macro.         
  This command will be ignored.                                          

 *** WARNING ***                         CP =       0.000   TIME= 00:00:00
 L is not a recognized SOLUTION command, abbreviation, or macro.         
  This command will be ignored.                                          

 *** WARNING ***                         CP =       0.000   TIME= 00:00:00
 L is not a recognized SOLUTION command, abbreviation, or macro.         
  This command will be ignored.                                          

 *** WARNING ***                         CP =       0.000   TIME= 00:00:00
 L is not a recognized SOLUTION command, abbreviation, or macro.         
  This command will be ignored.                                          

 *** WARNING ***                         CP =       0.000   TIME= 00:00:00
 L is not a recognized SOLUTION command, abbreviation, or macro.         
  This command will be ignored.                                          

 *** WARNING ***                         CP =       0.000   TIME= 00:00:00
 L is not a recognized SOLUTION command, abbreviation, or macro.         
  This command will be ignored.                                          

 *** WARNING ***                         CP =       0.000   TIME= 00:00:00
 L is not a recognized SOLUTION command, abbreviation, or macro.         
  This command will be ignored.                                          

 *** WARNING ***                         CP =       0.000   TIME= 00:00:00
 L is not a recognized SOLUTION command, abbreviation, or macro.         
  This command will be ignored.                                          

 *** WARNING ***                         CP =       0.000   TIME= 00:00:00
 L is not a recognized SOLUTION command, abbreviation, or macro.         
  This command will be ignored.                                          

 *** WARNING ***                         CP =       0.000   TIME= 00:00:00
 L is not a recognized SOLUTION command, abbreviation, or macro.         
  This command will be ignored.                                          

 *** WARNING ***                         CP =       0.000   TIME= 00:00:00
 L is not a recognized SOLUTION command, abbreviation, or macro.         
  This command will be ignored.                                          

 *** WARNING ***                         CP =       0.000   TIME= 00:00:00
 L is not a recognized SOLUTION command, abbreviation, or macro.         
  This command will be ignored.                                          

 *** WARNING ***                         CP =       0.000   TIME= 00:00:00
 L is not a recognized SOLUTION command, abbreviation, or macro.         
  This command will be ignored.                                          

 *** WARNING ***                         CP =       0.000   TIME= 00:00:00
 L is not a recognized SOLUTION command, abbreviation, or macro.         
  This command will be ignored.                                          

 *** WARNING ***                         CP =       0.000   TIME= 00:00:00
 L is not a recognized SOLUTION command, abbreviation, or macro.         
  This command will be ignored.                                          

 *** WARNING ***                         CP =       0.000   TIME= 00:00:00
 L is not a recognized SOLUTION command, abbreviation, or macro.         
  This command will be ignored.                                          

 *** WARNING ***                         CP =       0.000   TIME= 00:00:00
 L is not a recognized SOLUTION command, abbreviation, or macro.         
  This command will be ignored.                                          

 *** WARNING ***                         CP =       0.000   TIME= 00:00:00
 L is not a recognized SOLUTION command, abbreviation, or macro.         
  This command will be ignored.                                          

 *** WARNING ***                         CP =       0.000   TIME= 00:00:00
 L is not a recognized SOLUTION command, abbreviation, or macro.         
  This command will be ignored.                                          

 *** WARNING ***                         CP =       0.000   TIME= 00:00:00
 L is not a recognized SOLUTION command, abbreviation, or macro.         
  This command will be ignored.                                          

 *** WARNING ***                         CP =       0.000   TIME= 00:00:00
 L is not a recognized SOLUTION command, abbreviation, or macro.         
  This command will be ignored.                                          

 *** WARNING ***                         CP =       0.000   TIME= 00:00:00
 L is not a recognized SOLUTION command, abbreviation, or macro.         
  This command will be ignored.                                          

 *** WARNING ***                         CP =       0.000   TIME= 00:00:00
 L is not a recognized SOLUTION command, abbreviation, or macro.         
  This command will be ignored.                                          

 *** WARNING ***                         CP =       0.000   TIME= 00:00:00
 L is not a recognized SOLUTION command, abbreviation, or macro.         
  This command will be ignored.                                          

 *** WARNING ***                         CP =       0.000   TIME= 00:00:00
 L is not a recognized SOLUTION command, abbreviation, or macro.         
  This command will be ignored.                                          

 *** WARNING ***                         CP =       0.000   TIME= 00:00:00
 L is not a recognized SOLUTION command, abbreviation, or macro.         
  This command will be ignored.                                          

 *** WARNING ***                         CP =       0.000   TIME= 00:00:00
 L is not a recognized SOLUTION command, abbreviation, or macro.         
  This command will be ignored.                                          

 *** WARNING ***                         CP =       0.000   TIME= 00:00:00
 L is not a recognized SOLUTION command, abbreviation, or macro.         
  This command will be ignored.                                          

 *** WARNING ***                         CP =       0.000   TIME= 00:00:00
 L is not a recognized SOLUTION command, abbreviation, or macro.         
  This command will be ignored.                                          

 *** WARNING ***                         CP =       0.000   TIME= 00:00:00
 L is not a recognized SOLUTION command, abbreviation, or macro.         
  This command will be ignored.                                          

 *** WARNING ***                         CP =       0.000   TIME= 00:00:00
 L is not a recognized SOLUTION command, abbreviation, or macro.         
  This command will be ignored.                                          

 *** WARNING ***                         CP =       0.000   TIME= 00:00:00
 L is not a recognized SOLUTION command, abbreviation, or macro.         
  This command will be ignored.                                          

 *** WARNING ***                         CP =       0.000   TIME= 00:00:00
 L is not a recognized SOLUTION command, abbreviation, or macro.         
  This command will be ignored.                                          

 *** WARNING ***                         CP =       0.000   TIME= 00:00:00
 L is not a recognized SOLUTION command, abbreviation, or macro.         
  This command will be ignored.                                          

 *** WARNING ***                         CP =       0.000   TIME= 00:00:00
 L is not a recognized SOLUTION command, abbreviation, or macro.         
  This command will be ignored.                                          

 *** WARNING ***                         CP =       0.000   TIME= 00:00:00
 L is not a recognized SOLUTION command, abbreviation, or macro.         
  This command will be ignored.                                          

 *** WARNING ***                         CP =       0.000   TIME= 00:00:00
 L is not a recognized SOLUTION command, abbreviation, or macro.         
  This command will be ignored.                                          

 *** WARNING ***                         CP =       0.000   TIME= 00:00:00
 L is not a recognized SOLUTION command, abbreviation, or macro.         
  This command will be ignored.                                          

 *** WARNING ***                         CP =       0.000   TIME= 00:00:00
 L is not a recognized SOLUTION command, abbreviation, or macro.         
  This command will be ignored.                                          

 *** WARNING ***                         CP =       0.000   TIME= 00:00:00
 L is not a recognized SOLUTION command, abbreviation, or macro.         
  This command will be ignored.                                          

 *** WARNING ***                         CP =       0.000   TIME= 00:00:00
 L is not a recognized SOLUTION command, abbreviation, or macro.         
  This command will be ignored.                                          

 *** WARNING ***                         CP =       0.000   TIME= 00:00:00
 L is not a recognized SOLUTION command, abbreviation, or macro.         
  This command will be ignored.                                          

 *** WARNING ***                         CP =       0.000   TIME= 00:00:00
 L is not a recognized SOLUTION command, abbreviation, or macro.         
  This command will be ignored.                                          

 *** WARNING ***                         CP =       0.000   TIME= 00:00:00
 L is not a recognized SOLUTION command, abbreviation, or macro.         
  This command will be ignored.                                          

 *** WARNING ***                         CP =       0.000   TIME= 00:00:00
 L is not a recognized SOLUTION command, abbreviation, or macro.         
  This command will be ignored.                                          

 *** WARNING ***                         CP =       0.000   TIME= 00:00:00
 L is not a recognized SOLUTION command, abbreviation, or macro.         
  This command will be ignored.                                          

 *** WARNING ***                         CP =       0.000   TIME= 00:00:00
 L is not a recognized SOLUTION command, abbreviation, or macro.         
  This command will be ignored.                                          

 *** WARNING ***                         CP =       0.000   TIME= 00:00:00
 L is not a recognized SOLUTION command, abbreviation, or macro.         
  This command will be ignored.                                          

 *** WARNING ***                         CP =       0.000   TIME= 00:00:00
 L is not a recognized SOLUTION command, abbreviation, or macro.         
  This command will be ignored.                                          

 *** WARNING ***                         CP =       0.000   TIME= 00:00:00
 L is not a recognized SOLUTION command, abbreviation, or macro.         
  This command will be ignored.                                          

 *** WARNING ***                         CP =       0.000   TIME= 00:00:00
 L is not a recognized SOLUTION command, abbreviation, or macro.         
  This command will be ignored.                                          

 *** WARNING ***                         CP =       0.000   TIME= 00:00:00
 L is not a recognized SOLUTION command, abbreviation, or macro.         
  This command will be ignored.                                          

 *** WARNING ***                         CP =       0.000   TIME= 00:00:00
 L is not a recognized SOLUTION command, abbreviation, or macro.         
  This command will be ignored.                                          

 *** WARNING ***                         CP =       0.000   TIME= 00:00:00
 L is not a recognized SOLUTION command, abbreviation, or macro.         
  This command will be ignored.                                          

 *** WARNING ***                         CP =       0.000   TIME= 00:00:00
 L is not a recognized SOLUTION command, abbreviation, or macro.         
  This command will be ignored.                                          

 *** WARNING ***                         CP =       0.000   TIME= 00:00:00
 L is not a recognized SOLUTION command, abbreviation, or macro.         
  This command will be ignored.                                          

 *** WARNING ***                         CP =       0.000   TIME= 00:00:00
 L is not a recognized SOLUTION command, abbreviation, or macro.         
  This command will be ignored.                                          

 *** WARNING ***                         CP =       0.000   TIME= 00:00:00
 L is not a recognized SOLUTION command, abbreviation, or macro.         
  This command will be ignored.                                          

 *** WARNING ***                         CP =       0.000   TIME= 00:00:00
 L is not a recognized SOLUTION command, abbreviation, or macro.         
  This command will be ignored.                                          

 *** WARNING ***                         CP =       0.000   TIME= 00:00:00
 L is not a recognized SOLUTION command, abbreviation, or macro.         
  This command will be ignored.                                          

 *** WARNING ***                         CP =       0.000   TIME= 00:00:00
 L is not a recognized SOLUTION command, abbreviation, or macro.         
  This command will be ignored.                                          

 *** WARNING ***                         CP =       0.000   TIME= 00:00:00
 L is not a recognized SOLUTION command, abbreviation, or macro.         
  This command will be ignored.                                          

 *** WARNING ***                         CP =       0.000   TIME= 00:00:00
 L is not a recognized SOLUTION command, abbreviation, or macro.         
  This command will be ignored.                                          

 *** WARNING ***                         CP =       0.000   TIME= 00:00:00
 L is not a recognized SOLUTION command, abbreviation, or macro.         
  This command will be ignored.                                          

 *** WARNING ***                         CP =       0.000   TIME= 00:00:00
 L is not a recognized SOLUTION command, abbreviation, or macro.         
  This command will be ignored.                                          

 *** WARNING ***                         CP =       0.000   TIME= 00:00:00
 L is not a recognized SOLUTION command, abbreviation, or macro.         
  This command will be ignored.                                          

 *** WARNING ***                         CP =       0.000   TIME= 00:00:00
 L is not a recognized SOLUTION command, abbreviation, or macro.         
  This command will be ignored.                                          

 *** WARNING ***                         CP =       0.000   TIME= 00:00:00
 L is not a recognized SOLUTION command, abbreviation, or macro.         
  This command will be ignored.                                          

 *** WARNING ***                         CP =       0.000   TIME= 00:00:00
 L is not a recognized SOLUTION command, abbreviation, or macro.         
  This command will be ignored.                                          

 *** WARNING ***                         CP =       0.000   TIME= 00:00:00
 L is not a recognized SOLUTION command, abbreviation, or macro.         
  This command will be ignored.                                          

 *** WARNING ***                         CP =       0.000   TIME= 00:00:00
 L is not a recognized SOLUTION command, abbreviation, or macro.         
  This command will be ignored.                                          

 *** WARNING ***                         CP =       0.000   TIME= 00:00:00
 L is not a recognized SOLUTION command, abbreviation, or macro.         
  This command will be ignored.                                          

 *** WARNING ***                         CP =       0.000   TIME= 00:00:00
 L is not a recognized SOLUTION command, abbreviation, or macro.         
  This command will be ignored.                                          

 *** WARNING ***                         CP =       0.000   TIME= 00:00:00
 L is not a recognized SOLUTION command, abbreviation, or macro.         
  This command will be ignored.                                          

 *** WARNING ***                         CP =       0.000   TIME= 00:00:00
 L is not a recognized SOLUTION command, abbreviation, or macro.         
  This command will be ignored.                                          

 *** WARNING ***                         CP =       0.000   TIME= 00:00:00
 L is not a recognized SOLUTION command, abbreviation, or macro.         
  This command will be ignored.                                          

 *** WARNING ***                         CP =       0.000   TIME= 00:00:00
 L is not a recognized SOLUTION command, abbreviation, or macro.         
  This command will be ignored.                                          

 *** WARNING ***                         CP =       0.000   TIME= 00:00:00
 L is not a recognized SOLUTION command, abbreviation, or macro.         
  This command will be ignored.                                          

 *** WARNING ***                         CP =       0.000   TIME= 00:00:00
 L is not a recognized SOLUTION command, abbreviation, or macro.         
  This command will be ignored.                                          

 *** WARNING ***                         CP =       0.000   TIME= 00:00:00
 L is not a recognized SOLUTION command, abbreviation, or macro.         
  This command will be ignored.                                          

 *** WARNING ***                         CP =       0.000   TIME= 00:00:00
 L is not a recognized SOLUTION command, abbreviation, or macro.         
  This command will be ignored.                                          

 *** WARNING ***                         CP =       0.000   TIME= 00:00:00
 L is not a recognized SOLUTION command, abbreviation, or macro.         
  This command will be ignored.                                          

 *** WARNING ***                         CP =       0.000   TIME= 00:00:00
 L is not a recognized SOLUTION command, abbreviation, or macro.         
  This command will be ignored.                                          

 *** WARNING ***                         CP =       0.000   TIME= 00:00:00
 L is not a recognized SOLUTION command, abbreviation, or macro.         
  This command will be ignored.                                          

 *** WARNING ***                         CP =       0.000   TIME= 00:00:00
 L is not a recognized SOLUTION command, abbreviation, or macro.         
  This command will be ignored.                                          

 *** WARNING ***                         CP =       0.000   TIME= 00:00:00
 K is not a recognized SOLUTION command, abbreviation, or macro.         
  This command will be ignored.                                          

 *** WARNING ***                         CP =       0.000   TIME= 00:00:00
 L is not a recognized SOLUTION command, abbreviation, or macro.         
  This command will be ignored.                                          

 *** WARNING ***                         CP =       0.000   TIME= 00:00:00
 K is not a recognized SOLUTION command, abbreviation, or macro.         
  This command will be ignored.                                          

 *** WARNING ***                         CP =       0.000   TIME= 00:00:00
 L is not a recognized SOLUTION command, abbreviation, or macro.         
  This command will be ignored.                                          

 *** WARNING ***                         CP =       0.000   TIME= 00:00:00
 L is not a recognized SOLUTION command, abbreviation, or macro.         
  This command will be ignored.                                          

 *** WARNING ***                         CP =       0.000   TIME= 00:00:00
 L is not a recognized SOLUTION command, abbreviation, or macro.         
  This command will be ignored.                                          

 *** WARNING ***                         CP =       0.000   TIME= 00:00:00
 L is not a recognized SOLUTION command, abbreviation, or macro.         
  This command will be ignored.                                          

 *** WARNING ***                         CP =       0.000   TIME= 00:00:00
 L is not a recognized SOLUTION command, abbreviation, or macro.         
  This command will be ignored.                                          

 *** WARNING ***                         CP =       0.000   TIME= 00:00:00
 L is not a recognized SOLUTION command, abbreviation, or macro.         
  This command will be ignored.                                          

 *** WARNING ***                         CP =       0.000   TIME= 00:00:00
 L is not a recognized SOLUTION command, abbreviation, or macro.         
  This command will be ignored.                                          

 *** WARNING ***                         CP =       0.000   TIME= 00:00:00
 L is not a recognized SOLUTION command, abbreviation, or macro.         
  This command will be ignored.                                          

 *** WARNING ***                         CP =       0.000   TIME= 00:00:00
 L is not a recognized SOLUTION command, abbreviation, or macro.         
  This command will be ignored.                                          

 *** WARNING ***                         CP =       0.000   TIME= 00:00:00
 L is not a recognized SOLUTION command, abbreviation, or macro.         
  This command will be ignored.                                          

 *** WARNING ***                         CP =       0.000   TIME= 00:00:00
 L is not a recognized SOLUTION command, abbreviation, or macro.         
  This command will be ignored.                                          

 *** WARNING ***                         CP =       0.000   TIME= 00:00:00
 L is not a recognized SOLUTION command, abbreviation, or macro.         
  This command will be ignored.                                          

 *** WARNING ***                         CP =       0.000   TIME= 00:00:00
 L is not a recognized SOLUTION command, abbreviation, or macro.         
  This command will be ignored.                                          

 *** WARNING ***                         CP =       0.000   TIME= 00:00:00
 ESIZE is not a recognized SOLUTION command, abbreviation, or macro.     
  This command will be ignored.                                          

 *** WARNING ***                         CP =       0.000   TIME= 00:00:00
 LMESH is not a recognized SOLUTION command, abbreviation, or macro.     
  This command will be ignored.                                          

 *** WARNING ***                         CP =       0.000   TIME= 00:00:00
 LMESH is not a recognized SOLUTION command, abbreviation, or macro.     
  This command will be ignored.                                          

 *** WARNING ***                         CP =       0.000   TIME= 00:00:00
 LMESH is not a recognized SOLUTION command, abbreviation, or macro.     
  This command will be ignored.                                          

 *** WARNING ***                         CP =       0.000   TIME= 00:00:00
 EMODIF is not a recognized SOLUTION command, abbreviation, or macro.    
  This command will be ignored.                                          

 *** WARNING ***                         CP =       0.000   TIME= 00:00:00
 There are no selected nodes.                                            
  Parameter NODEYMAX will be set to -1.2676506E+30.                      

 *** WARNING ***                         CP =       0.000   TIME= 00:00:00
 There are no selected nodes.                                            
  Parameter NODEYMIN will be set to 1.2676506E+30.                       

 *** WARNING ***                         CP =       0.000   TIME= 00:00:00
 There are no selected nodes.                                            
  Parameter N_LOW will be set to 1.2676506E+30.                          

 *** ERROR ***                           CP =       0.000   TIME= 00:00:00
 Attempt to divide by zero in parameter expression.                      

 *** ERROR ***                           CP =       0.000   TIME= 00:00:00
 Attempt to divide by zero in parameter expression.                      

 *** ERROR ***                           CP =       0.000   TIME= 00:00:00
 Attempt to divide by zero in parameter expression.                      

 *** ERROR ***                           CP =       0.000   TIME= 00:00:00
 Attempt to divide by zero in parameter expression.                      

 *** ERROR ***                           CP =       0.000   TIME= 00:00:00
 There are no nodes defined.                                             

 *** ERROR ***                           CP =       0.000   TIME= 00:00:00
 There are no nodes defined.                                             

 *** ERROR ***                           CP =       0.000   TIME= 00:00:00
 There are no elements selected.                                         

 *** ERROR ***                           CP =       0.000   TIME= 00:00:00
 An error occurred while attempting to open the results file file.rst.   

 *** WARNING ***                         CP =       0.000   TIME= 00:00:00
 Unable to read geometry from the ( rst ) results file.  Either the      
 geometry is not on the file or the file could not be read.  The SET     
 command is ignored.  If the file is an older results file that does     
 not contain the geometry, issue a RESUME command to restore the         
 geometry to the database.                                               

 *** WARNING ***                         CP =       0.000   TIME= 00:00:00
 No *DO trips needed, enter *ENDDO .                                     

 *** WARNING ***                         CP =       0.000   TIME= 00:00:00
 No *DO trips needed, enter *ENDDO .                                     

 *** WARNING ***                         CP =       0.000   TIME= 00:00:00
 No *DO trips needed, enter *ENDDO .                                     

 *** ERROR ***                           CP =       0.000   TIME= 00:00:00
 There are no nodes defined.                                             

 *** ERROR ***                           CP =       0.000   TIME= 00:00:00
 There are no nodes defined.                                             

 *** ERROR ***                           CP =       0.000   TIME= 00:00:00
 File ( needed for prestress effects ) does not exist.                   

 *** ERROR ***                           CP =       0.000   TIME= 00:00:00
 There are no elements selected.                                         

 *** WARNING ***                         CP =       0.000   TIME= 00:00:00
 There are no selected nodes.                                            
  Parameter N_HIGHEST_RET will be set to -1.2676506E+30.                 

 *** ERROR ***                           CP =       0.000   TIME= 00:00:00
 Value= -1.2676506E+27 is outside function range SQRT.                   

 *** WARNING ***                         CP =       0.000   TIME= 00:00:00
 * no longer valid as comment character - please use !                   
  *SET,imp_ang, 1/200 * alpha_h * alpha_m                                
  This warning only issued once.                                         

 *** WARNING ***                         CP =       0.000   TIME= 00:00:00
 There are no selected nodes.                                            
  Parameter N_LOW will be set to 1.2676506E+30.                          

 *** ERROR ***                           CP =       0.000   TIME= 00:00:00
 Attempt to divide by zero in parameter expression.                      

 *** ERROR ***                           CP =       0.000   TIME= 00:00:00
 Attempt to divide by zero in parameter expression.                      

 *** ERROR ***                           CP =       0.000   TIME= 00:00:00
 Attempt to divide by zero in parameter expression.                      

 *** ERROR ***                           CP =       0.000   TIME= 00:00:00
 Attempt to divide by zero in parameter expression.                      

 *** ERROR ***                           CP =       0.000   TIME= 00:00:00
 Attempt to divide by zero in parameter expression.                      

 *** ERROR ***                           CP =       0.000   TIME= 00:00:00
 There are no nodes defined.                                             

 *** ERROR ***                           CP =       0.000   TIME= 00:00:00
 There are no nodes defined.                                             

 *** ERROR ***                           CP =       0.000   TIME= 00:00:00
 There are no elements selected.                                         

 *** ERROR ***                           CP =       0.000   TIME= 00:00:00
 An error occurred while attempting to open the results file file.rst.   

 *** WARNING ***                         CP =       0.000   TIME= 00:00:00
 Unable to read geometry from the ( rst ) results file.  Either the      
 geometry is not on the file or the file could not be read.  The SET     
 command is ignored.  If the file is an older results file that does     
 not contain the geometry, issue a RESUME command to restore the         
 geometry to the database.                                               

 *** WARNING ***                         CP =       0.000   TIME= 00:00:00
 No *DO trips needed, enter *ENDDO .                                     

 *** WARNING ***                         CP =       0.000   TIME= 00:00:00
 No *DO trips needed, enter *ENDDO .                                     
