/COM,ANSYS RELEASE 2025 R1           BUILD 25.1      UP20241202       19:43:57

 *** WARNING ***                         CP =       0.000   TIME= 00:00:00
 The geometry is not available.  Issue the RESUME command to restore the 
 database.  The NUMVAR command is ignored.                               

 *** WARNING ***                         CP =       0.000   TIME= 00:00:00
 Altering the abort level key is not recommended.                        

 *** WARNING ***                         CP =       0.000   TIME= 00:00:00
 * no longer valid as comment character - please use !                   
  *SET,imp_ang, 1/200 * alpha_h * alpha_m                                
  This warning only issued once.                                         

 *** WARNING ***                         CP =       0.000   TIME= 00:00:00
 A reference moment value times the tolerance is used by the             
 Newton-Raphson method for checking convergence.  The calculated         
 reference MOMENT CONVERGENCE VALUE = 2131211.13 is less than a          
 threshold.  This threshold is internally calculated.  You can           
 overwrite it by specifying MINREF on the CNVTOL command.  Check         
 results carefully.                                                      
/COM,ANSYS RELEASE 2025 R1           BUILD 25.1      UP20241202       16:24:02

 *** WARNING ***                         CP =       0.172   TIME= 16:24:06
 The requested number of CPU cores for shared-memory parallel (8)        
 exceeds the number of physical CPU cores that are available (6).  As    
 the use of virtual CPU cores is not recommended, the number of CPU      
 cores used will be 6.                                                   

 *** WARNING ***                         CP =       0.391   TIME= 16:24:08
 The requested number of CPU cores for shared-memory parallel (8) cannot 
 be greater than that specified by the command line option -NP (6).      
 The number of CPU cores used will be left at 6.                         

 *** WARNING ***                         CP =       0.469   TIME= 16:24:09
 The geometry is not available.  Issue the RESUME command to restore the 
 database.  The NUMVAR command is ignored.                               

 *** WARNING ***                         CP =       0.469   TIME= 16:24:09
 Altering the abort level key is not recommended.                        

 *** WARNING ***                         CP =      13.656   TIME= 16:24:15
 * no longer valid as comment character - please use !                   
  *SET,imp_ang, 1/200 * alpha_h * alpha_m                                
  This warning only issued once.                                         

 *** WARNING ***                         CP =      16.328   TIME= 16:24:16
 A reference moment value times the tolerance is used by the             
 Newton-Raphson method for checking convergence.  The calculated         
 reference MOMENT CONVERGENCE VALUE = 2131211.13 is less than a          
 threshold.  This threshold is internally calculated.  You can           
 overwrite it by specifying MINREF on the CNVTOL command.  Check         
 results carefully.                                                      

 *** ERROR ***                           CP =      19.156   TIME= 16:24:16
 The /EXIT command is not permitted in server mode.                      
  The /EXIT command is ignored.                                          

 *** ERROR ***                           CP =      19.312   TIME= 16:24:16
 The /EXIT command is not permitted in server mode.                      
  The /EXIT command is ignored.                                          
/COM,ANSYS RELEASE 2025 R1           BUILD 25.1      UP20241202       16:24:49

 *** WARNING ***                         CP =       0.141   TIME= 16:24:53
 The requested number of CPU cores for shared-memory parallel (8)        
 exceeds the number of physical CPU cores that are available (6).  As    
 the use of virtual CPU cores is not recommended, the number of CPU      
 cores used will be 6.                                                   

 *** WARNING ***                         CP =       0.312   TIME= 16:24:54
 The requested number of CPU cores for shared-memory parallel (8) cannot 
 be greater than that specified by the command line option -NP (6).      
 The number of CPU cores used will be left at 6.                         

 *** WARNING ***                         CP =       0.359   TIME= 16:24:55
 The geometry is not available.  Issue the RESUME command to restore the 
 database.  The NUMVAR command is ignored.                               

 *** WARNING ***                         CP =       0.375   TIME= 16:24:55
 Altering the abort level key is not recommended.                        

 *** WARNING ***                         CP =      12.438   TIME= 16:25:00
 * no longer valid as comment character - please use !                   
  *SET,imp_ang, 1/200 * alpha_h * alpha_m                                
  This warning only issued once.                                         

 *** WARNING ***                         CP =      15.062   TIME= 16:25:01
 A reference moment value times the tolerance is used by the             
 Newton-Raphson method for checking convergence.  The calculated         
 reference MOMENT CONVERGENCE VALUE = 2131211.13 is less than a          
 threshold.  This threshold is internally calculated.  You can           
 overwrite it by specifying MINREF on the CNVTOL command.  Check         
 results carefully.                                                      

 *** ERROR ***                           CP =      17.891   TIME= 16:25:01
 The /EXIT command is not permitted in server mode.                      
  The /EXIT command is ignored.                                          

 *** ERROR ***                           CP =      18.047   TIME= 16:25:01
 The /EXIT command is not permitted in server mode.                      
  The /EXIT command is ignored.                                          
/COM,ANSYS RELEASE 2025 R1           BUILD 25.1      UP20241202       16:26:50

 *** WARNING ***                         CP =       0.375   TIME= 16:26:55
 The geometry is not available.  Issue the RESUME command to restore the 
 database.  The NUMVAR command is ignored.                               

 *** WARNING ***                         CP =       0.391   TIME= 16:26:55
 Altering the abort level key is not recommended.                        

 *** WARNING ***                         CP =      12.000   TIME= 16:27:00
 * no longer valid as comment character - please use !                   
  *SET,imp_ang, 1/200 * alpha_h * alpha_m                                
  This warning only issued once.                                         

 *** WARNING ***                         CP =      14.625   TIME= 16:27:01
 A reference moment value times the tolerance is used by the             
 Newton-Raphson method for checking convergence.  The calculated         
 reference MOMENT CONVERGENCE VALUE = 2131211.13 is less than a          
 threshold.  This threshold is internally calculated.  You can           
 overwrite it by specifying MINREF on the CNVTOL command.  Check         
 results carefully.                                                      

 *** ERROR ***                           CP =      17.391   TIME= 16:27:01
 The /EXIT command is not permitted in server mode.                      
  The /EXIT command is ignored.                                          

 *** ERROR ***                           CP =      17.688   TIME= 16:27:01
 The /EXIT command is not permitted in server mode.                      
  The /EXIT command is ignored.                                          
/COM,ANSYS RELEASE 2025 R1           BUILD 25.1      UP20241202       16:29:24

 *** WARNING ***                         CP =       0.297   TIME= 16:29:30
 The geometry is not available.  Issue the RESUME command to restore the 
 database.  The NUMVAR command is ignored.                               

 *** WARNING ***                         CP =       0.312   TIME= 16:29:30
 Altering the abort level key is not recommended.                        

 *** WARNING ***                         CP =      12.125   TIME= 16:29:35
 * no longer valid as comment character - please use !                   
  *SET,imp_ang, 1/200 * alpha_h * alpha_m                                
  This warning only issued once.                                         

 *** WARNING ***                         CP =      14.641   TIME= 16:29:35
 A reference moment value times the tolerance is used by the             
 Newton-Raphson method for checking convergence.  The calculated         
 reference MOMENT CONVERGENCE VALUE = 2131211.13 is less than a          
 threshold.  This threshold is internally calculated.  You can           
 overwrite it by specifying MINREF on the CNVTOL command.  Check         
 results carefully.                                                      

 *** ERROR ***                           CP =      17.609   TIME= 16:29:36
 The /EXIT command is not permitted in server mode.                      
  The /EXIT command is ignored.                                          
/COM,ANSYS RELEASE 2025 R1           BUILD 25.1      UP20241202       16:34:12

 *** WARNING ***                         CP =       0.281   TIME= 16:34:17
 The geometry is not available.  Issue the RESUME command to restore the 
 database.  The NUMVAR command is ignored.                               

 *** WARNING ***                         CP =       0.281   TIME= 16:34:17
 Altering the abort level key is not recommended.                        

 *** WARNING ***                         CP =      11.562   TIME= 16:34:22
 * no longer valid as comment character - please use !                   
  *SET,imp_ang, 1/200 * alpha_h * alpha_m                                
  This warning only issued once.                                         

 *** WARNING ***                         CP =      14.266   TIME= 16:34:23
 A reference moment value times the tolerance is used by the             
 Newton-Raphson method for checking convergence.  The calculated         
 reference MOMENT CONVERGENCE VALUE = 2131211.13 is less than a          
 threshold.  This threshold is internally calculated.  You can           
 overwrite it by specifying MINREF on the CNVTOL command.  Check         
 results carefully.                                                      

 *** ERROR ***                           CP =      17.094   TIME= 16:34:23
 The /EXIT command is not permitted in server mode.                      
  The /EXIT command is ignored.                                          
/COM,ANSYS RELEASE 2025 R1           BUILD 25.1      UP20241202       16:37:38

 *** WARNING ***                         CP =       0.375   TIME= 16:37:46
 The geometry is not available.  Issue the RESUME command to restore the 
 database.  The NUMVAR command is ignored.                               

 *** WARNING ***                         CP =       0.375   TIME= 16:37:46
 Altering the abort level key is not recommended.                        

 *** WARNING ***                         CP =      16.797   TIME= 16:37:53
 * no longer valid as comment character - please use !                   
  *SET,imp_ang, 1/200 * alpha_h * alpha_m                                
  This warning only issued once.                                         

 *** WARNING ***                         CP =      20.062   TIME= 16:37:54
 A reference moment value times the tolerance is used by the             
 Newton-Raphson method for checking convergence.  The calculated         
 reference MOMENT CONVERGENCE VALUE = 2131211.13 is less than a          
 threshold.  This threshold is internally calculated.  You can           
 overwrite it by specifying MINREF on the CNVTOL command.  Check         
 results carefully.                                                      

 *** ERROR ***                           CP =      23.266   TIME= 16:37:54
 The /EXIT command is not permitted in server mode.                      
  The /EXIT command is ignored.                                          

 *** ERROR ***                           CP =      23.562   TIME= 16:37:54
 The /EXIT command is not permitted in server mode.                      
  The /EXIT command is ignored.                                          
/COM,ANSYS RELEASE 2025 R1           BUILD 25.1      UP20241202       19:16:50

 *** WARNING ***                         CP =       0.359   TIME= 19:17:00
 The geometry is not available.  Issue the RESUME command to restore the 
 database.  The NUMVAR command is ignored.                               

 *** WARNING ***                         CP =       0.375   TIME= 19:17:00
 Altering the abort level key is not recommended.                        

 *** WARNING ***                         CP =      14.297   TIME= 19:17:06
 * no longer valid as comment character - please use !                   
  *SET,imp_ang, 1/200 * alpha_h * alpha_m                                
  This warning only issued once.                                         

 *** WARNING ***                         CP =      17.188   TIME= 19:17:07
 A reference moment value times the tolerance is used by the             
 Newton-Raphson method for checking convergence.  The calculated         
 reference MOMENT CONVERGENCE VALUE = 2131211.13 is less than a          
 threshold.  This threshold is internally calculated.  You can           
 overwrite it by specifying MINREF on the CNVTOL command.  Check         
 results carefully.                                                      

 *** ERROR ***                           CP =      20.375   TIME= 19:17:07
 The /EXIT command is not permitted in server mode.                      
  The /EXIT command is ignored.                                          

 *** ERROR ***                           CP =      20.516   TIME= 19:17:07
 The /EXIT command is not permitted in server mode.                      
  The /EXIT command is ignored.                                          
