
 Ansys Mechanical Enterprise                       


 *------------------------------------------------------------------*
 |                                                                  |
 |   W E L C O M E   T O   T H E   A N S Y S (R)  P R O G R A M     |
 |                                                                  |
 *------------------------------------------------------------------*




 ***************************************************************
 *         ANSYS MAPDL 2025 R1          LEGAL NOTICES          *
 ***************************************************************
 *                                                             *
 * Copyright 1971-2025 Ansys, Inc.  All rights reserved.       *
 * Unauthorized use, distribution or duplication is            *
 * prohibited.                                                 *
 *                                                             *
 * Ansys is a registered trademark of Ansys, Inc. or its       *
 * subsidiaries in the United States or other countries.       *
 * See the Ansys, Inc. online documentation or the Ansys, Inc. *
 * documentation CD or online help for the complete Legal      *
 * Notice.                                                     *
 *                                                             *
 ***************************************************************
 *                                                             *
 * THIS ANSYS SOFTWARE PRODUCT AND PROGRAM DOCUMENTATION       *
 * INCLUDE TRADE SECRETS AND CONFIDENTIAL AND PROPRIETARY      *
 * PRODUCTS OF ANSYS, INC., ITS SUBSIDIARIES, OR LICENSORS.    *
 * The software products and documentation are furnished by    *
 * Ansys, Inc. or its subsidiaries under a software license    *
 * agreement that contains provisions concerning               *
 * non-disclosure, copying, length and nature of use,          *
 * compliance with exporting laws, warranties, disclaimers,    *
 * limitations of liability, and remedies, and other           *
 * provisions.  The software products and documentation may be *
 * used, disclosed, transferred, or copied only in accordance  *
 * with the terms and conditions of that software license      *
 * agreement.                                                  *
 *                                                             *
 * Ansys, Inc. is a UL registered                              *
 * ISO 9001:2015 company.                                      *
 *                                                             *
 ***************************************************************
 *                                                             *
 * This product is subject to U.S. laws governing export and   *
 * re-export.                                                  *
 *                                                             *
 * For U.S. Government users, except as specifically granted   *
 * by the Ansys, Inc. software license agreement, the use,     *
 * duplication, or disclosure by the United States Government  *
 * is subject to restrictions stated in the Ansys, Inc.        *
 * software license agreement and FAR 12.212 (for non-DOD      *
 * licenses).                                                  *
 *                                                             *
 ***************************************************************

 2025 R1 
     
 Point Releases and Patches installed:   
     
 Ansys, Inc. License Manager 2025 R1 
 Discovery (reduced install) 2025 R1 
 Core WB Files 2025 R1   
 CFD-Post only 2025 R1   
 Fluent (includes CFD-Post) 2025 R1  
 Polyflow (includes CFD-Post) 2025 R1
 Remote Solve Manager Standalone Services 2025 R1
 Additive 2025 R1
 Autodyn 2025 R1 
 Customization Files for User Programmable Features 2025 R1  
 LS-DYNA 2025 R1 
 Material Designer 2025 R1   
 Mechanical Products 2025 R1 
 ACIS Geometry Interface 2025 R1 
 AutoCAD Geometry Interface 2025 R1  
 Catia, Version 4 Geometry Interface 2025 R1 
 Catia, Version 5 Geometry Interface 2025 R1 
 Catia, Version 6 Geometry Interface 2025 R1 
 Creo Elements/Direct Modeling Geometry Interface 2025 R1
 Creo Parametric Geometry Interface 2025 R1  
 Inventor Geometry Interface 2025 R1 
 JTOpen Geometry Interface 2025 R1   
 NX Geometry Interface 2025 R1   
 Parasolid Geometry Interface  2025 R1   
 Solid Edge Geometry Interface 2025 R1   
 SOLIDWORKS Geometry Interface 2025 R1   


          *****  MAPDL COMMAND LINE ARGUMENTS  *****
  INITIAL JOBNAME              = file                                                                                                                                                                                                                                                    
  BATCH MODE REQUESTED (-b)    = LIST
  INPUT FILE COPY MODE (-c)    = COPY
       2 PARALLEL PROCESSES REQUESTED WITH SINGLE THREAD PER PROCESS
    TOTAL OF     2 CORES REQUESTED
  INPUT FILE NAME              = CONIN$
  OUTPUT FILE NAME             = C:\Users\atbys\Desktop\DMS4 Local\DMS4\05_OPTI\Ansout\file1.out

 PARAMETER STATUS-           (   1 PARAMETERS DEFINED)

 NAME                              VALUE                        TYPE
 PORT                              50052.0000                    SCALAR

 RELEASE= 2025 R1              BUILD= 25.1      UP20241202   VERSION=WINDOWS x64 
 CURRENT JOBNAME=file1  09:06:55  APR 07, 2026 CP=      0.062


 *** NOTE ***                            CP =       0.188   TIME= 09:06:55
 The requested number of CPU cores for shared-memory parallel (2) is     
 less than that specified by the command line option -NP (8).  The       
 number of CPU cores is reduced to 2.                                    

 PRINTOUT RESUMED BY /GOP

 *** VERIFICATION RUN - CASE                                  ***  OPTION=  4


 NUMBER OF DISPLAYED ERRORS ALLOWED PER COMMAND=                200
 NUMBER OF ERRORS ALLOWED PER COMMAND BEFORE ANSYS ABORT=     10000
 ABORT LEVEL KEY= -1
 ALL ERRORS WRITTEN TO                                                                                                                                                                                                                                                                     
 DO NOT TERMINATE /INPUT UPON FIRST ERROR

 CLEAR MAPDL DATABASE AND RESTART

 Ansys Mechanical Enterprise                       

 *****  MAPDL SOLUTION ROUTINE  *****

 FINISH SOLUTION PROCESSING


 ***** ROUTINE COMPLETED *****  CP =         0.000



 *****  MAPDL SOLUTION ROUTINE  *****
 You have already entered solution.  The /SOLUTION command is ignored.   


 ***** ROUTINE COMPLETED *****  CP =         0.000



 *****  MAPDL SOLUTION ROUTINE  *****

 *** NOTE ***                            CP =       0.000   TIME= 00:00:00
 Distributed parallel processing has been temporarily disabled.          


 ***** ROUTINE COMPLETED *****  CP =         0.000



 *** NOTE ***                            CP =       0.000   TIME= 00:00:00
 Distributed parallel processing has been reactivated.                   

 *****  MAPDL SOLUTION ROUTINE  *****

 FINISH SOLUTION PROCESSING


 ***** ROUTINE COMPLETED *****  CP =         0.000



 *****  MAPDL SOLUTION ROUTINE  *****


 ***** ROUTINE COMPLETED *****  CP =         0.000



 EXIT MAPDL WHILE IN SERVER MODE


 NUMBER OF WARNING MESSAGES ENCOUNTERED=          0
 NUMBER OF ERROR   MESSAGES ENCOUNTERED=         22


 *-----------------------------------------------------------------------------*
 |                                                                             |
 |                               RUN COMPLETED                                 |
 |                                                                             |
 |-----------------------------------------------------------------------------|
 |                                                                             |
 |  Ansys MAPDL 2025 R1         Build 25.1         UP20241202    WINDOWS x64   |
 |                                                                             |
 |-----------------------------------------------------------------------------|
 |                                                                             |
 |  Database Requested(-db)     1 MB     Scratch Memory Requested       192 MB |
 |  Maximum Database Used       1 MB     Maximum Scratch Memory Used      5 MB |
 |                                                                             |
 |-----------------------------------------------------------------------------|
 |                                                                             |
 |        CP Time      (sec) =          0.438       Time  =  09:06:56          |
 |        Elapsed Time (sec) =          4.000       Date  =  04/07/2026        |
 |                                                                             |
 *-----------------------------------------------------------------------------*
