/COM,ANSYS RELEASE 2025 R1           BUILD 25.1      UP20241202       15:16:08

 *** WARNING ***                         CP =       0.000   TIME= 00:00:00
 The geometry is not available.  Issue the RESUME command to restore the 
 database.  The NUMVAR command is ignored.                               

 *** WARNING ***                         CP =       0.000   TIME= 00:00:00
 Altering the abort level key is not recommended.                        

 *** WARNING ***                         CP =       0.000   TIME= 00:00:00
 * no longer valid as comment character - please use !                   
  *SET,imp_ang, 1/200 * alpha_h * alpha_m                                
  This warning only issued once.                                         

 *** WARNING ***                         CP =       0.000   TIME= 00:00:00
 The program chosen initial timestep/load-factor is arbitrary.  It is    
 necessary for the user to supply a suitable initial                     
 timestep/load-factor through the NSUB or DELTIM command for             
 convergence and overall efficiency.                                     

 *** WARNING ***                         CP =       0.000   TIME= 00:00:00
 A reference moment value times the tolerance is used by the             
 Newton-Raphson method for checking convergence.  The calculated         
 reference MOMENT CONVERGENCE VALUE = 46501.8531 is less than a          
 threshold.  This threshold is internally calculated.  You can           
 overwrite it by specifying MINREF on the CNVTOL command.  Check         
 results carefully.                                                      

 *** WARNING ***                         CP =       0.000   TIME= 00:00:00
 The program chosen initial timestep/load-factor is arbitrary.  It is    
 necessary for the user to supply a suitable initial                     
 timestep/load-factor through the NSUB or DELTIM command for             
 convergence and overall efficiency.                                     

 *** WARNING ***                         CP =       0.000   TIME= 00:00:00
 A reference moment value times the tolerance is used by the             
 Newton-Raphson method for checking convergence.  The calculated         
 reference MOMENT CONVERGENCE VALUE = 46501.8531 is less than a          
 threshold.  This threshold is internally calculated.  You can           
 overwrite it by specifying MINREF on the CNVTOL command.  Check         
 results carefully.                                                      

 *** WARNING ***                         CP =       0.000   TIME= 00:00:00
 The program chosen initial timestep/load-factor is arbitrary.  It is    
 necessary for the user to supply a suitable initial                     
 timestep/load-factor through the NSUB or DELTIM command for             
 convergence and overall efficiency.                                     

 *** WARNING ***                         CP =       0.000   TIME= 00:00:00
 A reference moment value times the tolerance is used by the             
 Newton-Raphson method for checking convergence.  The calculated         
 reference MOMENT CONVERGENCE VALUE = 46425.8934 is less than a          
 threshold.  This threshold is internally calculated.  You can           
 overwrite it by specifying MINREF on the CNVTOL command.  Check         
 results carefully.                                                      

 *** WARNING ***                         CP =       0.000   TIME= 00:00:00
 The program chosen initial timestep/load-factor is arbitrary.  It is    
 necessary for the user to supply a suitable initial                     
 timestep/load-factor through the NSUB or DELTIM command for             
 convergence and overall efficiency.                                     

 *** WARNING ***                         CP =       0.000   TIME= 00:00:00
 A reference moment value times the tolerance is used by the             
 Newton-Raphson method for checking convergence.  The calculated         
 reference MOMENT CONVERGENCE VALUE = 46580.6893 is less than a          
 threshold.  This threshold is internally calculated.  You can           
 overwrite it by specifying MINREF on the CNVTOL command.  Check         
 results carefully.                                                      

 *** WARNING ***                         CP =       0.000   TIME= 00:00:00
 The program chosen initial timestep/load-factor is arbitrary.  It is    
 necessary for the user to supply a suitable initial                     
 timestep/load-factor through the NSUB or DELTIM command for             
 convergence and overall efficiency.                                     

 *** WARNING ***                         CP =       0.000   TIME= 00:00:00
 A reference moment value times the tolerance is used by the             
 Newton-Raphson method for checking convergence.  The calculated         
 reference MOMENT CONVERGENCE VALUE = 46500.7098 is less than a          
 threshold.  This threshold is internally calculated.  You can           
 overwrite it by specifying MINREF on the CNVTOL command.  Check         
 results carefully.                                                      

 *** WARNING ***                         CP =       0.000   TIME= 00:00:00
 The program chosen initial timestep/load-factor is arbitrary.  It is    
 necessary for the user to supply a suitable initial                     
 timestep/load-factor through the NSUB or DELTIM command for             
 convergence and overall efficiency.                                     

 *** WARNING ***                         CP =       0.000   TIME= 00:00:00
 A reference moment value times the tolerance is used by the             
 Newton-Raphson method for checking convergence.  The calculated         
 reference MOMENT CONVERGENCE VALUE = 46501.8182 is less than a          
 threshold.  This threshold is internally calculated.  You can           
 overwrite it by specifying MINREF on the CNVTOL command.  Check         
 results carefully.                                                      
