 Beta activation of the GRPC server.

 ANSYS LICENSE MANAGER ERROR:
 License server machine is down or not responding.
  See the system administrator about starting the license server system, or
  make sure you're referring to the right host (see LM_LICENSE_FILE).
 Feature:       ansys
 Hostname:      ansys.srv.aau.dk
 License path:  1055@ansys.srv.aau.dk;
 FlexNet Licensing error:-96,7.  System Error: 11001 "WinSock: Host not found (HOST_NOT_FOUND)"

 *** ERROR - ANSYS license not available.

+--------------------- M A P D L   S T A T I S T I C S ------------------------+

Release: 2025 R1            Build: 25.1       Update: UP20241202   Platform: WINDOWS x64 
Date Run: 05/13/2026   Time: 07:21     Process ID: 26372
Operating System: Windows 11  (Build: 26200)

Processor Model: AMD Ryzen 7 5800H with Radeon Graphics

Compiler: Intel(R) Fortran Compiler Classic Version 2021.9  (Build: 20230302)
          Intel(R) C/C++ Compiler Classic Version 2021.9  (Build: 20230302)
          AOCL-BLAS 4.2.1 Build 20240528

Number of machines requested            :    1
Total number of cores available         :   16
Number of physical cores available      :    8
Number of processes requested           :    1
Number of threads per process requested :    6
Total number of cores requested         :    6 (Shared Memory Parallel)                    

GPU Acceleration: Not Requested

Job Name: file
Working Directory: 

Total CPU time for main thread                    :        0.3 seconds
Total CPU time summed for all threads             :        0.2 seconds

Elapsed time spent obtaining a license            :        0.0 seconds
Elapsed time spent pre-processing model (/PREP7)  :        0.0 seconds
Elapsed time spent solution - preprocessing       :        0.0 seconds
Elapsed time spent computing solution             :        0.0 seconds
Elapsed time spent solution - postprocessing      :        0.0 seconds
Elapsed time spent post-processing model (/POST1) :        0.0 seconds
 

Sum of disk space used on all processes           :        0.0 MB

Sum of memory used on all processes               :        2.0 MB
Sum of memory allocated on all processes          :        0.0 MB
Physical memory available                         :         14 GB
Total amount of I/O written to disk               :        0.0 GB
Total amount of I/O read from disk                :        0.0 GB

+------------------ E N D   M A P D L   S T A T I S T I C S -------------------+


 *-----------------------------------------------------------------------------*
 |                                                                             |
 |                               RUN COMPLETED                                 |
 |                                                                             |
 |-----------------------------------------------------------------------------|
 |                                                                             |
 |  Ansys MAPDL 2025 R1         Build 25.1         UP20241202    WINDOWS x64   |
 |                                                                             |
 |-----------------------------------------------------------------------------|
 |                                                                             |
 |  Database Requested(-db)  1024 MB     Scratch Memory Requested         0 MB |
 |  Maximum Database Used       1 MB     Maximum Scratch Memory Used      1 MB |
 |                                                                             |
 |-----------------------------------------------------------------------------|
 |                                                                             |
 |        CP Time      (sec) =          0.234       Time  =  07:21:05          |
 |        Elapsed Time (sec) =         16.000       Date  =  05/13/2026        |
 |                                                                             |
 *-----------------------------------------------------------------------------*
