/BATCH  
/COM,ANSYS RELEASE 2025 R1           BUILD 25.1      UP20241202       14:49:31
/COM,ANSYS RELEASE                   BUILD  0.0      UP00000000       00:00:00
/BATCH  
/COM,ANSYS RELEASE 2025 R1           BUILD 25.1      UP20241202       10:11:27
/COM,ANSYS RELEASE                   BUILD  0.0      UP00000000       00:00:00
/BATCH  
/COM,ANSYS RELEASE 2025 R1           BUILD 25.1      UP20241202       14:09:06
/COM,ANSYS RELEASE                   BUILD  0.0      UP00000000       00:00:00
/BATCH  
<<<<<<< HEAD
/COM,ANSYS RELEASE 2025 R1           BUILD 25.1      UP20241202       15:06:42
/COM,ANSYS RELEASE                   BUILD  0.0      UP00000000       00:00:00
/BATCH  
/COM,ANSYS RELEASE 2025 R1           BUILD 25.1      UP20241202       09:06:08
/COM,ANSYS RELEASE                   BUILD  0.0      UP00000000       00:00:00
/BATCH  
/COM,ANSYS RELEASE 2025 R1           BUILD 25.1      UP20241202       09:38:31
=======
/COM,ANSYS RELEASE 2025 R1           BUILD 25.1      UP20241202       08:33:11
/COM,ANSYS RELEASE                   BUILD  0.0      UP00000000       00:00:00
/BATCH  
/COM,ANSYS RELEASE 2025 R1           BUILD 25.1      UP20241202       09:00:42
/COM,ANSYS RELEASE                   BUILD  0.0      UP00000000       00:00:00
/BATCH  
/COM,ANSYS RELEASE 2025 R1           BUILD 25.1      UP20241202       10:27:33
/COM,ANSYS RELEASE                   BUILD  0.0      UP00000000       00:00:00
/BATCH  
/COM,ANSYS RELEASE 2025 R1           BUILD 25.1      UP20241202       11:49:06
/COM,ANSYS RELEASE                   BUILD  0.0      UP00000000       00:00:00
/BATCH  
<<<<<<< HEAD
/COM,ANSYS RELEASE 2025 R1           BUILD 25.1      UP20241202       08:43:28
>>>>>>> 040094ffbcc9d37128ac9eba0f1928e559bf0530
/COM,ANSYS RELEASE                   BUILD  0.0      UP00000000       00:00:00
/BATCH  
/COM,ANSYS RELEASE 2025 R1           BUILD 25.1      UP20241202       09:21:00
/COM,ANSYS RELEASE                   BUILD  0.0      UP00000000       00:00:00
/BATCH  
/COM,ANSYS RELEASE 2025 R1           BUILD 25.1      UP20241202       10:07:32
/COM,ANSYS RELEASE                   BUILD  0.0      UP00000000       00:00:00
/BATCH  
/COM,ANSYS RELEASE 2025 R1           BUILD 25.1      UP20241202       10:19:10
/COM,ANSYS RELEASE                   BUILD  0.0      UP00000000       00:00:00
/BATCH  
/COM,ANSYS RELEASE 2025 R1           BUILD 25.1      UP20241202       10:40:46
=======
/COM,ANSYS RELEASE 2025 R1           BUILD 25.1      UP20241202       08:42:31
/COM,ANSYS RELEASE                   BUILD  0.0      UP00000000       00:00:00
/BATCH  
/COM,ANSYS RELEASE 2025 R1           BUILD 25.1      UP20241202       10:44:00
/COM,ANSYS RELEASE                   BUILD  0.0      UP00000000       00:00:00
/BATCH  
/COM,ANSYS RELEASE 2025 R1           BUILD 25.1      UP20241202       07:59:23
>>>>>>> agg_con
/COM,ANSYS RELEASE                   BUILD  0.0      UP00000000       00:00:00
